INFO 2026-02-02 06:09:14,590 django.utils.autoreload autoreload 61785 137572974166144 Watching for file changes with StatReloader
INFO 2026-02-02 06:09:59,302 django.utils.autoreload autoreload 61914 139080334839936 Watching for file changes with StatReloader
INFO 2026-02-02 06:10:19,179 django.server log 61914 139080023140032 "GET / HTTP/1.1" 200 4211
INFO 2026-02-02 06:10:21,277 django.server log 61914 139080023140032 "GET /shopify_models/products/ HTTP/1.1" 200 53261
INFO 2026-02-02 06:10:26,243 django.server log 61914 139080023140032 "GET /shopify_models/products/29/ HTTP/1.1" 200 25209
INFO 2026-02-02 06:10:37,809 django.server log 61914 139080023140032 "POST /shopify_models/products/29/sync/ HTTP/1.1" 302 0
INFO 2026-02-02 06:10:37,824 django.server log 61914 139080023140032 "GET /shopify_models/products/29/ HTTP/1.1" 200 25445
INFO 2026-02-02 06:14:58,996 django.utils.autoreload autoreload 61914 139080334839936 /home/alejandro/shop-app/shop_integration/shop_manager/settings.py changed, reloading.
INFO 2026-02-02 06:15:00,443 django.utils.autoreload autoreload 62551 132645045432448 Watching for file changes with StatReloader
INFO 2026-02-02 06:15:35,942 shopify_models.models models 62551 132644734338752 Validated location: shop_manager_app (gid://shopify/Location/89689161972)
INFO 2026-02-02 06:15:35,953 django.server log 62551 132644734338752 "POST /shopify_models/products/29/sync/ HTTP/1.1" 302 0
INFO 2026-02-02 06:15:35,995 django.server log 62551 132644734338752 "GET /shopify_models/products/29/ HTTP/1.1" 200 25445
INFO 2026-02-02 06:17:57,276 django.utils.autoreload autoreload 62551 132645045432448 /home/alejandro/shop-app/shop_integration/shopify_models/models.py changed, reloading.
INFO 2026-02-02 06:17:58,525 django.utils.autoreload autoreload 62976 137973748686976 Watching for file changes with StatReloader
INFO 2026-02-02 06:18:50,076 shopify_models.models models 62976 137973437388480 Validated location: shop_manager_app (gid://shopify/Location/89689161972)
INFO 2026-02-02 06:18:50,077 shopify_models.models models 62976 137973437388480 Inventory sync quantity for variant 29: None
INFO 2026-02-02 06:18:50,086 django.server log 62976 137973437388480 "POST /shopify_models/products/29/sync/ HTTP/1.1" 302 0
INFO 2026-02-02 06:18:50,127 django.server log 62976 137973437388480 "GET /shopify_models/products/29/ HTTP/1.1" 200 25445
INFO 2026-02-02 06:20:41,882 django.server log 62976 137973437388480 "GET /shopify_models/products/ HTTP/1.1" 200 53261
INFO 2026-02-02 06:20:48,698 django.server log 62976 137973437388480 "GET /shopify_models/products/30/ HTTP/1.1" 200 25157
INFO 2026-02-02 06:21:27,389 django.server log 62976 137973437388480 "GET /shopify_models/products/ HTTP/1.1" 200 53261
INFO 2026-02-02 06:21:33,184 django.server log 62976 137973437388480 "GET /shopify_models/products/?title=37366&vendor=&product_type=&tags= HTTP/1.1" 200 10475
INFO 2026-02-02 06:21:46,568 django.server log 62976 137973437388480 "GET /shopify_models/products/?title=Water+Slide+Lubricant+4oz.&vendor=&product_type=&tags= HTTP/1.1" 200 11704
INFO 2026-02-02 06:21:49,242 django.server log 62976 137973437388480 "GET /shopify_models/products/7/ HTTP/1.1" 200 24123
INFO 2026-02-02 06:22:14,745 shopify_models.models models 62976 137973437388480 Validated location: shop_manager_app (gid://shopify/Location/89689161972)
INFO 2026-02-02 06:22:14,746 shopify_models.models models 62976 137973437388480 Inventory sync quantity for variant 7: None
INFO 2026-02-02 06:22:14,747 django.server log 62976 137973437388480 "POST /shopify_models/products/7/sync/ HTTP/1.1" 302 0
INFO 2026-02-02 06:22:14,762 django.server log 62976 137973437388480 "GET /shopify_models/products/7/ HTTP/1.1" 200 24355
INFO 2026-02-02 06:27:51,503 django.utils.autoreload autoreload 62976 137973748686976 /home/alejandro/shop-app/shop_integration/shopify_models/models.py changed, reloading.
INFO 2026-02-02 06:27:52,937 django.utils.autoreload autoreload 63723 136640943669376 Watching for file changes with StatReloader
INFO 2026-02-02 06:31:31,431 django.utils.autoreload autoreload 63723 136640943669376 /home/alejandro/shop-app/shop_integration/shopify_models/models.py changed, reloading.
INFO 2026-02-02 06:31:32,598 django.utils.autoreload autoreload 63928 126912925208704 Watching for file changes with StatReloader
INFO 2026-02-02 06:34:51,469 django.server log 63928 126912748406464 "GET /suppliers/ HTTP/1.1" 200 6916
INFO 2026-02-02 06:34:51,482 django.server log 63928 126912748406464 "GET /static/style/css/main.min.css HTTP/1.1" 304 0
INFO 2026-02-02 06:34:53,484 django.server log 63928 126912748406464 "GET /suppliers/1/ HTTP/1.1" 200 8868
INFO 2026-02-02 06:35:01,146 django.server log 63928 126912748406464 "POST /suppliers/1/ HTTP/1.1" 302 0
INFO 2026-02-02 06:35:01,155 django.server log 63928 126912748406464 "GET /suppliers/1/ HTTP/1.1" 200 9435
INFO 2026-02-02 06:35:05,585 django.server log 63928 126912748406464 "GET /shopify_models/products/ HTTP/1.1" 200 53261
INFO 2026-02-02 06:35:15,854 django.server log 63928 126912748406464 "GET /shopify_models/products/7/ HTTP/1.1" 200 24108
INFO 2026-02-02 06:35:23,086 shopify_models.models models 63928 126912748406464 Validated location: shop_manager_app (gid://shopify/Location/89689161972)
INFO 2026-02-02 06:35:23,086 shopify_models.models models 63928 126912748406464 Inventory sync quantity for variant 7: None
INFO 2026-02-02 06:35:23,088 django.server log 63928 126912748406464 "POST /shopify_models/products/7/sync/ HTTP/1.1" 302 0
INFO 2026-02-02 06:35:23,107 django.server log 63928 126912748406464 "GET /shopify_models/products/7/ HTTP/1.1" 200 24355
INFO 2026-02-02 14:28:51,446 django.utils.autoreload autoreload 12966 123752286109824 Watching for file changes with StatReloader
INFO 2026-02-02 14:28:55,049 django.server log 12966 123752118130368 "GET / HTTP/1.1" 200 4301
INFO 2026-02-02 14:28:55,141 django.server log 12966 123752118130368 "GET /static/style/css/main.min.css HTTP/1.1" 304 0
WARNING 2026-02-02 14:28:55,464 django.server log 12966 123752118130368 "GET /favicon.ico HTTP/1.1" 404 3581
ERROR 2026-02-02 14:28:57,868 django.request log 12966 123752118130368 Internal Server Error: /shopify_models/products/
Traceback (most recent call last):
  File "/home/alejandro/shop-app/shop_integration/.venv/lib/python3.12/site-packages/django/db/backends/utils.py", line 105, in _execute
    return self.cursor.execute(sql, params)
           ^^^^^^^^^^^^^^^^^^^^^^^^^^^^^^^^
  File "/home/alejandro/shop-app/shop_integration/.venv/lib/python3.12/site-packages/django/db/backends/sqlite3/base.py", line 359, in execute
    return super().execute(query, params)
           ^^^^^^^^^^^^^^^^^^^^^^^^^^^^^^
sqlite3.OperationalError: no such column: shopify_models_product.description

The above exception was the direct cause of the following exception:

Traceback (most recent call last):
  File "/home/alejandro/shop-app/shop_integration/.venv/lib/python3.12/site-packages/django/core/handlers/exception.py", line 55, in inner
    response = get_response(request)
               ^^^^^^^^^^^^^^^^^^^^^
  File "/home/alejandro/shop-app/shop_integration/.venv/lib/python3.12/site-packages/django/core/handlers/base.py", line 221, in _get_response
    response = response.render()
               ^^^^^^^^^^^^^^^^^
  File "/home/alejandro/shop-app/shop_integration/.venv/lib/python3.12/site-packages/django/template/response.py", line 114, in render
    self.content = self.rendered_content
                   ^^^^^^^^^^^^^^^^^^^^^
  File "/home/alejandro/shop-app/shop_integration/.venv/lib/python3.12/site-packages/django/template/response.py", line 92, in rendered_content
    return template.render(context, self._request)
           ^^^^^^^^^^^^^^^^^^^^^^^^^^^^^^^^^^^^^^^
  File "/home/alejandro/shop-app/shop_integration/.venv/lib/python3.12/site-packages/django/template/backends/django.py", line 107, in render
    return self.template.render(context)
           ^^^^^^^^^^^^^^^^^^^^^^^^^^^^^
  File "/home/alejandro/shop-app/shop_integration/.venv/lib/python3.12/site-packages/django/template/base.py", line 174, in render
    return self._render(context)
           ^^^^^^^^^^^^^^^^^^^^^
  File "/home/alejandro/shop-app/shop_integration/.venv/lib/python3.12/site-packages/django/template/base.py", line 166, in _render
    return self.nodelist.render(context)
           ^^^^^^^^^^^^^^^^^^^^^^^^^^^^^
  File "/home/alejandro/shop-app/shop_integration/.venv/lib/python3.12/site-packages/django/template/base.py", line 1091, in render
    return SafeString("".join([node.render_annotated(context) for node in self]))
                               ^^^^^^^^^^^^^^^^^^^^^^^^^^^^^^
  File "/home/alejandro/shop-app/shop_integration/.venv/lib/python3.12/site-packages/django/template/base.py", line 1052, in render_annotated
    return self.render(context)
           ^^^^^^^^^^^^^^^^^^^^
  File "/home/alejandro/shop-app/shop_integration/.venv/lib/python3.12/site-packages/django/template/loader_tags.py", line 160, in render
    return compiled_parent._render(context)
           ^^^^^^^^^^^^^^^^^^^^^^^^^^^^^^^^
  File "/home/alejandro/shop-app/shop_integration/.venv/lib/python3.12/site-packages/django/template/base.py", line 166, in _render
    return self.nodelist.render(context)
           ^^^^^^^^^^^^^^^^^^^^^^^^^^^^^
  File "/home/alejandro/shop-app/shop_integration/.venv/lib/python3.12/site-packages/django/template/base.py", line 1091, in render
    return SafeString("".join([node.render_annotated(context) for node in self]))
                               ^^^^^^^^^^^^^^^^^^^^^^^^^^^^^^
  File "/home/alejandro/shop-app/shop_integration/.venv/lib/python3.12/site-packages/django/template/base.py", line 1052, in render_annotated
    return self.render(context)
           ^^^^^^^^^^^^^^^^^^^^
  File "/home/alejandro/shop-app/shop_integration/.venv/lib/python3.12/site-packages/django/template/loader_tags.py", line 66, in render
    result = block.nodelist.render(context)
             ^^^^^^^^^^^^^^^^^^^^^^^^^^^^^^
  File "/home/alejandro/shop-app/shop_integration/.venv/lib/python3.12/site-packages/django/template/base.py", line 1091, in render
    return SafeString("".join([node.render_annotated(context) for node in self]))
                               ^^^^^^^^^^^^^^^^^^^^^^^^^^^^^^
  File "/home/alejandro/shop-app/shop_integration/.venv/lib/python3.12/site-packages/django/template/base.py", line 1052, in render_annotated
    return self.render(context)
           ^^^^^^^^^^^^^^^^^^^^
  File "/home/alejandro/shop-app/shop_integration/.venv/lib/python3.12/site-packages/django/template/defaulttags.py", line 202, in render
    len_values = len(values)
                 ^^^^^^^^^^^
  File "/home/alejandro/shop-app/shop_integration/.venv/lib/python3.12/site-packages/django/db/models/query.py", line 372, in __len__
    self._fetch_all()
  File "/home/alejandro/shop-app/shop_integration/.venv/lib/python3.12/site-packages/django/db/models/query.py", line 2000, in _fetch_all
    self._result_cache = list(self._iterable_class(self))
                         ^^^^^^^^^^^^^^^^^^^^^^^^^^^^^^^^
  File "/home/alejandro/shop-app/shop_integration/.venv/lib/python3.12/site-packages/django/db/models/query.py", line 95, in __iter__
    results = compiler.execute_sql(
              ^^^^^^^^^^^^^^^^^^^^^
  File "/home/alejandro/shop-app/shop_integration/.venv/lib/python3.12/site-packages/django/db/models/sql/compiler.py", line 1624, in execute_sql
    cursor.execute(sql, params)
  File "/home/alejandro/shop-app/shop_integration/.venv/lib/python3.12/site-packages/django/db/backends/utils.py", line 122, in execute
    return super().execute(sql, params)
           ^^^^^^^^^^^^^^^^^^^^^^^^^^^^
  File "/home/alejandro/shop-app/shop_integration/.venv/lib/python3.12/site-packages/django/db/backends/utils.py", line 79, in execute
    return self._execute_with_wrappers(
           ^^^^^^^^^^^^^^^^^^^^^^^^^^^^
  File "/home/alejandro/shop-app/shop_integration/.venv/lib/python3.12/site-packages/django/db/backends/utils.py", line 92, in _execute_with_wrappers
    return executor(sql, params, many, context)
           ^^^^^^^^^^^^^^^^^^^^^^^^^^^^^^^^^^^^
  File "/home/alejandro/shop-app/shop_integration/.venv/lib/python3.12/site-packages/django/db/backends/utils.py", line 100, in _execute
    with self.db.wrap_database_errors:
  File "/home/alejandro/shop-app/shop_integration/.venv/lib/python3.12/site-packages/django/db/utils.py", line 94, in __exit__
    raise dj_exc_value.with_traceback(traceback) from exc_value
  File "/home/alejandro/shop-app/shop_integration/.venv/lib/python3.12/site-packages/django/db/backends/utils.py", line 105, in _execute
    return self.cursor.execute(sql, params)
           ^^^^^^^^^^^^^^^^^^^^^^^^^^^^^^^^
  File "/home/alejandro/shop-app/shop_integration/.venv/lib/python3.12/site-packages/django/db/backends/sqlite3/base.py", line 359, in execute
    return super().execute(query, params)
           ^^^^^^^^^^^^^^^^^^^^^^^^^^^^^^
django.db.utils.OperationalError: no such column: shopify_models_product.description
ERROR 2026-02-02 14:28:57,873 django.server log 12966 123752118130368 "GET /shopify_models/products/ HTTP/1.1" 500 215687
INFO 2026-02-02 14:30:12,085 django.utils.autoreload autoreload 14003 140635261845632 Watching for file changes with StatReloader
INFO 2026-02-02 14:30:15,607 django.server log 14003 140635093415616 "GET / HTTP/1.1" 200 4301
INFO 2026-02-02 14:30:17,570 django.server log 14003 140635093415616 "GET /shopify_models/products/ HTTP/1.1" 200 53351
INFO 2026-02-02 14:30:25,319 django.server log 14003 140635093415616 "GET /shopify_models/products/29/ HTTP/1.1" 200 22770
INFO 2026-02-02 14:46:20,243 django.server log 14003 140635093415616 "GET /shopify_models/products/ HTTP/1.1" 200 53351
INFO 2026-02-02 14:46:35,936 django.server log 14003 140635093415616 "GET /shopify_models/products/7/ HTTP/1.1" 200 21683
ERROR 2026-02-02 14:46:54,517 shopify_models.views views 14003 140635093415616 Unexpected error while synchronizing product 7 ('Water Slide Lubricant 4oz.'): Response(code=401, body="b'{"errors":"[API] Invalid API key or access token (unrecognized login or wrong password)"}'", headers={'Date': 'Mon, 02 Feb 2026 14:46:54 GMT', 'Content-Type': 'application/json; charset=utf-8', 'Transfer-Encoding': 'chunked', 'Connection': 'close', 'x-sorting-hat-shopid': '79935570164', 'referrer-policy': 'origin-when-cross-origin', 'x-frame-options': 'DENY', 'x-shopid': '79935570164', 'www-authenticate': 'Basic Realm="Shopify API Authentication"', 'strict-transport-security': 'max-age=7889238', 'x-request-id': '33eed51a-6c04-4c13-9145-c9085d8e69d0-1770043614', 'server-timing': 'processing;dur=29, verdict_flag_enabled;desc="count=1";dur=0.073, _y;desc="03a876a9-ac1a-4962-8e68-56a58e7ae9e5", _s;desc="005e17c5-149a-4674-bc13-1df97dd2d234"', 'content-security-policy': "default-src 'self' data: blob: 'unsafe-inline' 'unsafe-eval' https://* shopify-pos://*; block-all-mixed-content; child-src 'self' https://* shopify-pos://*; connect-src 'self' wss://* https://*; frame-ancestors 'none'; img-src 'self' data: blob: https:; script-src https://cdn.shopify.com https://cdn.shopifycdn.net https://checkout.pci.shopifyinc.com https://checkout.pci.shopifyinc.com/build/04ed4e1/card_fields.js https://api.stripe.com https://mpsnare.iesnare.com https://appcenter.intuit.com https://www.paypal.com https://js.braintreegateway.com https://c.paypal.com https://maps.googleapis.com https://www.google-analytics.com https://v.shopify.com 'self' 'unsafe-inline' 'unsafe-eval'; upgrade-insecure-requests; report-uri /csp-report?source%5Baction%5D=create&source%5Bapp%5D=Shopify&source%5Bcontroller%5D=admin%2Fproducts&source%5Bsection%5D=admin_api&source%5Buuid%5D=33eed51a-6c04-4c13-9145-c9085d8e69d0-1770043614; report-to shopify-csp", 'x-content-type-options': 'nosniff', 'x-download-options': 'noopen', 'x-permitted-cross-domain-policies': 'none', 'x-xss-protection': '1; mode=block', 'reporting-endpoints': 'shopify-csp="/csp-report?source%5Baction%5D=create&source%5Bapp%5D=Shopify&source%5Bcontroller%5D=admin%2Fproducts&source%5Bsection%5D=admin_api&source%5Buuid%5D=33eed51a-6c04-4c13-9145-c9085d8e69d0-1770043614"', 'x-dc': 'gcp-us-central1,gcp-us-central1,gcp-us-central1', 'Alt-Svc': 'h3=":443"; ma=86400', 'cf-cache-status': 'DYNAMIC', 'Report-To': '{"endpoints":[{"url":"https:\\/\\/a.nel.cloudflare.com\\/report\\/v4?s=QV5d%2BVeadymb5xfgQJL39U5pkWGfpAzM6h17zOuJsGs4J1%2BLTfC2lOO9cUcDwyWUkM3kDBPY8sqaZcDdywGoynu3SB5QyOghYyRGd5WKbghCbUFp%2Be3G6rn33vYXDq1kV9XIKU%2BavEpBjNdYZEtL3CY%3D"}],"group":"cf-nel","max_age":604800}', 'NEL': '{"success_fraction":0.01,"report_to":"cf-nel","max_age":604800}', 'Server-Timing': 'processing;dur=29, verdict_flag_enabled;desc="count=1";dur=0.073, _y;desc="03a876a9-ac1a-4962-8e68-56a58e7ae9e5", _s;desc="005e17c5-149a-4674-bc13-1df97dd2d234"', 'Server': 'cloudflare', 'CF-RAY': '9c7a7b0e2bef7119-YYZ'}, msg="Unauthorized")
Traceback (most recent call last):
  File "/home/alejandro/shop-app/shop_integration/.venv/lib/python3.12/site-packages/pyactiveresource/connection.py", line 286, in _open
    http_response = self._handle_error(self._urlopen(request))
                                       ^^^^^^^^^^^^^^^^^^^^^^
  File "/home/alejandro/shop-app/shop_integration/.venv/lib/python3.12/site-packages/pyactiveresource/connection.py", line 316, in _urlopen
    return urllib.request.urlopen(request, timeout=self.timeout)
           ^^^^^^^^^^^^^^^^^^^^^^^^^^^^^^^^^^^^^^^^^^^^^^^^^^^^^
  File "/usr/lib/python3.12/urllib/request.py", line 215, in urlopen
    return opener.open(url, data, timeout)
           ^^^^^^^^^^^^^^^^^^^^^^^^^^^^^^^
  File "/usr/lib/python3.12/urllib/request.py", line 521, in open
    response = meth(req, response)
               ^^^^^^^^^^^^^^^^^^^
  File "/usr/lib/python3.12/urllib/request.py", line 630, in http_response
    response = self.parent.error(
               ^^^^^^^^^^^^^^^^^^
  File "/usr/lib/python3.12/urllib/request.py", line 559, in error
    return self._call_chain(*args)
           ^^^^^^^^^^^^^^^^^^^^^^^
  File "/usr/lib/python3.12/urllib/request.py", line 492, in _call_chain
    result = func(*args)
             ^^^^^^^^^^^
  File "/usr/lib/python3.12/urllib/request.py", line 639, in http_error_default
    raise HTTPError(req.full_url, code, msg, hdrs, fp)
urllib.error.HTTPError: HTTP Error 401: Unauthorized

During handling of the above exception, another exception occurred:

Traceback (most recent call last):
  File "/home/alejandro/shop-app/shop_integration/shopify_models/views.py", line 81, in post
    product.export_to_shopify()
  File "/home/alejandro/shop-app/shop_integration/shopify_models/models.py", line 164, in export_to_shopify
    success = s_product.save()
              ^^^^^^^^^^^^^^^^
  File "/home/alejandro/shop-app/shop_integration/.venv/lib/python3.12/site-packages/shopify/resources/product.py", line 43, in save
    return super(ShopifyResource, self).save()
           ^^^^^^^^^^^^^^^^^^^^^^^^^^^^^^^^^^^
  File "/home/alejandro/shop-app/shop_integration/.venv/lib/python3.12/site-packages/pyactiveresource/activeresource.py", line 836, in save
    response = self.klass.connection.post(
               ^^^^^^^^^^^^^^^^^^^^^^^^^^^
  File "/home/alejandro/shop-app/shop_integration/.venv/lib/python3.12/site-packages/pyactiveresource/connection.py", line 375, in post
    return self._open('POST', path, headers=headers, data=data)
           ^^^^^^^^^^^^^^^^^^^^^^^^^^^^^^^^^^^^^^^^^^^^^^^^^^^^
  File "/home/alejandro/shop-app/shop_integration/.venv/lib/python3.12/site-packages/shopify/base.py", line 23, in _open
    self.response = super(ShopifyConnection, self)._open(*args, **kwargs)
                    ^^^^^^^^^^^^^^^^^^^^^^^^^^^^^^^^^^^^^^^^^^^^^^^^^^^^^
  File "/home/alejandro/shop-app/shop_integration/.venv/lib/python3.12/site-packages/pyactiveresource/connection.py", line 288, in _open
    http_response = self._handle_error(err)
                    ^^^^^^^^^^^^^^^^^^^^^^^
  File "/home/alejandro/shop-app/shop_integration/.venv/lib/python3.12/site-packages/pyactiveresource/connection.py", line 415, in _handle_error
    raise UnauthorizedAccess(err)
pyactiveresource.connection.UnauthorizedAccess: Response(code=401, body="b'{"errors":"[API] Invalid API key or access token (unrecognized login or wrong password)"}'", headers={'Date': 'Mon, 02 Feb 2026 14:46:54 GMT', 'Content-Type': 'application/json; charset=utf-8', 'Transfer-Encoding': 'chunked', 'Connection': 'close', 'x-sorting-hat-shopid': '79935570164', 'referrer-policy': 'origin-when-cross-origin', 'x-frame-options': 'DENY', 'x-shopid': '79935570164', 'www-authenticate': 'Basic Realm="Shopify API Authentication"', 'strict-transport-security': 'max-age=7889238', 'x-request-id': '33eed51a-6c04-4c13-9145-c9085d8e69d0-1770043614', 'server-timing': 'processing;dur=29, verdict_flag_enabled;desc="count=1";dur=0.073, _y;desc="03a876a9-ac1a-4962-8e68-56a58e7ae9e5", _s;desc="005e17c5-149a-4674-bc13-1df97dd2d234"', 'content-security-policy': "default-src 'self' data: blob: 'unsafe-inline' 'unsafe-eval' https://* shopify-pos://*; block-all-mixed-content; child-src 'self' https://* shopify-pos://*; connect-src 'self' wss://* https://*; frame-ancestors 'none'; img-src 'self' data: blob: https:; script-src https://cdn.shopify.com https://cdn.shopifycdn.net https://checkout.pci.shopifyinc.com https://checkout.pci.shopifyinc.com/build/04ed4e1/card_fields.js https://api.stripe.com https://mpsnare.iesnare.com https://appcenter.intuit.com https://www.paypal.com https://js.braintreegateway.com https://c.paypal.com https://maps.googleapis.com https://www.google-analytics.com https://v.shopify.com 'self' 'unsafe-inline' 'unsafe-eval'; upgrade-insecure-requests; report-uri /csp-report?source%5Baction%5D=create&source%5Bapp%5D=Shopify&source%5Bcontroller%5D=admin%2Fproducts&source%5Bsection%5D=admin_api&source%5Buuid%5D=33eed51a-6c04-4c13-9145-c9085d8e69d0-1770043614; report-to shopify-csp", 'x-content-type-options': 'nosniff', 'x-download-options': 'noopen', 'x-permitted-cross-domain-policies': 'none', 'x-xss-protection': '1; mode=block', 'reporting-endpoints': 'shopify-csp="/csp-report?source%5Baction%5D=create&source%5Bapp%5D=Shopify&source%5Bcontroller%5D=admin%2Fproducts&source%5Bsection%5D=admin_api&source%5Buuid%5D=33eed51a-6c04-4c13-9145-c9085d8e69d0-1770043614"', 'x-dc': 'gcp-us-central1,gcp-us-central1,gcp-us-central1', 'Alt-Svc': 'h3=":443"; ma=86400', 'cf-cache-status': 'DYNAMIC', 'Report-To': '{"endpoints":[{"url":"https:\\/\\/a.nel.cloudflare.com\\/report\\/v4?s=QV5d%2BVeadymb5xfgQJL39U5pkWGfpAzM6h17zOuJsGs4J1%2BLTfC2lOO9cUcDwyWUkM3kDBPY8sqaZcDdywGoynu3SB5QyOghYyRGd5WKbghCbUFp%2Be3G6rn33vYXDq1kV9XIKU%2BavEpBjNdYZEtL3CY%3D"}],"group":"cf-nel","max_age":604800}', 'NEL': '{"success_fraction":0.01,"report_to":"cf-nel","max_age":604800}', 'Server-Timing': 'processing;dur=29, verdict_flag_enabled;desc="count=1";dur=0.073, _y;desc="03a876a9-ac1a-4962-8e68-56a58e7ae9e5", _s;desc="005e17c5-149a-4674-bc13-1df97dd2d234"', 'Server': 'cloudflare', 'CF-RAY': '9c7a7b0e2bef7119-YYZ'}, msg="Unauthorized")
INFO 2026-02-02 14:46:54,529 django.server log 14003 140635093415616 "POST /shopify_models/products/7/sync/ HTTP/1.1" 302 0
INFO 2026-02-02 14:46:54,557 django.server log 14003 140635093415616 "GET /shopify_models/products/7/ HTTP/1.1" 200 25733
INFO 2026-02-02 14:47:19,336 django.server log 14003 140635093415616 "GET /accounts/shops/ HTTP/1.1" 200 6270
INFO 2026-02-02 14:47:23,792 django.server log 14003 140635093415616 "GET /accounts/shops/1/ HTTP/1.1" 200 6258
INFO 2026-02-02 14:47:25,940 django.server log 14003 140635093415616 "GET /accounts/shops/1/auth/ HTTP/1.1" 302 0
INFO 2026-02-02 14:53:08,482 django.utils.autoreload autoreload 16535 125167483175040 Watching for file changes with StatReloader
INFO 2026-02-02 14:53:11,288 django.server log 16535 125167315011264 "GET / HTTP/1.1" 200 4211
INFO 2026-02-02 14:53:11,343 django.server log 16535 125167315011264 "GET /static/style/css/main.min.css HTTP/1.1" 200 275898
WARNING 2026-02-02 14:53:11,598 django.server log 16535 125167315011264 "GET /favicon.ico HTTP/1.1" 404 3581
INFO 2026-02-02 14:53:33,171 django.server log 16535 125166889727680 "GET / HTTP/1.1" 200 4301
INFO 2026-02-02 14:53:33,250 django.server log 16535 125166889727680 "GET /static/style/css/main.min.css HTTP/1.1" 304 0
WARNING 2026-02-02 14:53:33,468 django.server log 16535 125166889727680 "GET /favicon.ico HTTP/1.1" 404 3599
INFO 2026-02-02 14:53:37,771 django.server log 16535 125166889727680 "GET /accounts/shops/ HTTP/1.1" 200 6270
INFO 2026-02-02 14:53:40,842 django.server log 16535 125166889727680 "GET /accounts/shops/1/ HTTP/1.1" 200 6258
INFO 2026-02-02 14:53:42,090 django.server log 16535 125166889727680 "GET /accounts/shops/1/auth/ HTTP/1.1" 302 0
INFO 2026-02-02 14:54:47,587 django.server log 16535 125166889727680 "GET / HTTP/1.1" 200 4301
INFO 2026-02-02 14:54:50,091 django.server log 16535 125166889727680 "GET /shopify_models/products/ HTTP/1.1" 200 53351
INFO 2026-02-02 14:54:56,902 django.server log 16535 125166889727680 "GET /shopify_models/products/7/ HTTP/1.1" 200 21683
ERROR 2026-02-02 14:54:58,511 shopify_models.views views 16535 125166889727680 Unexpected error while synchronizing product 7 ('Water Slide Lubricant 4oz.'): Response(code=401, body="b'{"errors":"[API] Invalid API key or access token (unrecognized login or wrong password)"}'", headers={'Date': 'Mon, 02 Feb 2026 14:54:58 GMT', 'Content-Type': 'application/json; charset=utf-8', 'Transfer-Encoding': 'chunked', 'Connection': 'close', 'x-sorting-hat-shopid': '79935570164', 'referrer-policy': 'origin-when-cross-origin', 'x-frame-options': 'DENY', 'x-shopid': '79935570164', 'www-authenticate': 'Basic Realm="Shopify API Authentication"', 'strict-transport-security': 'max-age=7889238', 'x-request-id': 'f3856856-25b9-42a6-9004-a2e8682eb050-1770044098', 'server-timing': 'processing;dur=17, verdict_flag_enabled;desc="count=1";dur=0.109, _y;desc="59fc3bca-4998-40f9-af4c-3c408e8bd2b7", _s;desc="3978a584-7271-4a5c-b9a3-f8ee1fd7abc1"', 'content-security-policy': "default-src 'self' data: blob: 'unsafe-inline' 'unsafe-eval' https://* shopify-pos://*; block-all-mixed-content; child-src 'self' https://* shopify-pos://*; connect-src 'self' wss://* https://*; frame-ancestors 'none'; img-src 'self' data: blob: https:; script-src https://cdn.shopify.com https://cdn.shopifycdn.net https://checkout.pci.shopifyinc.com https://checkout.pci.shopifyinc.com/build/04ed4e1/card_fields.js https://api.stripe.com https://mpsnare.iesnare.com https://appcenter.intuit.com https://www.paypal.com https://js.braintreegateway.com https://c.paypal.com https://maps.googleapis.com https://www.google-analytics.com https://v.shopify.com 'self' 'unsafe-inline' 'unsafe-eval'; upgrade-insecure-requests; report-uri /csp-report?source%5Baction%5D=create&source%5Bapp%5D=Shopify&source%5Bcontroller%5D=admin%2Fproducts&source%5Bsection%5D=admin_api&source%5Buuid%5D=f3856856-25b9-42a6-9004-a2e8682eb050-1770044098; report-to shopify-csp", 'x-content-type-options': 'nosniff', 'x-download-options': 'noopen', 'x-permitted-cross-domain-policies': 'none', 'x-xss-protection': '1; mode=block', 'reporting-endpoints': 'shopify-csp="/csp-report?source%5Baction%5D=create&source%5Bapp%5D=Shopify&source%5Bcontroller%5D=admin%2Fproducts&source%5Bsection%5D=admin_api&source%5Buuid%5D=f3856856-25b9-42a6-9004-a2e8682eb050-1770044098"', 'x-dc': 'gcp-us-central1,gcp-us-central1,gcp-us-central1', 'Alt-Svc': 'h3=":443"; ma=86400', 'cf-cache-status': 'DYNAMIC', 'Report-To': '{"endpoints":[{"url":"https:\\/\\/a.nel.cloudflare.com\\/report\\/v4?s=7qf6c4BMP6QE%2BL%2B2u4s%2BZxpxmrYEzt4TFCe%2F51S75%2BDKwA3I50x2xny%2BdytE8SUisu7MWGRa%2Bcide6ds0d5NXyMltE0fntbbzB9h%2FR8Q94lgf8tcHMPOGJtO7XR7QoPXS03u9ylc%2BqIJFgtPqGEsA3k%3D"}],"group":"cf-nel","max_age":604800}', 'NEL': '{"success_fraction":0.01,"report_to":"cf-nel","max_age":604800}', 'Server-Timing': 'processing;dur=17, verdict_flag_enabled;desc="count=1";dur=0.109, _y;desc="59fc3bca-4998-40f9-af4c-3c408e8bd2b7", _s;desc="3978a584-7271-4a5c-b9a3-f8ee1fd7abc1"', 'Server': 'cloudflare', 'CF-RAY': '9c7a86df49ddac66-YYZ'}, msg="Unauthorized")
Traceback (most recent call last):
  File "/home/alejandro/shop-app/shop_integration/.venv/lib/python3.12/site-packages/pyactiveresource/connection.py", line 286, in _open
    http_response = self._handle_error(self._urlopen(request))
                                       ^^^^^^^^^^^^^^^^^^^^^^
  File "/home/alejandro/shop-app/shop_integration/.venv/lib/python3.12/site-packages/pyactiveresource/connection.py", line 316, in _urlopen
    return urllib.request.urlopen(request, timeout=self.timeout)
           ^^^^^^^^^^^^^^^^^^^^^^^^^^^^^^^^^^^^^^^^^^^^^^^^^^^^^
  File "/usr/lib/python3.12/urllib/request.py", line 215, in urlopen
    return opener.open(url, data, timeout)
           ^^^^^^^^^^^^^^^^^^^^^^^^^^^^^^^
  File "/usr/lib/python3.12/urllib/request.py", line 521, in open
    response = meth(req, response)
               ^^^^^^^^^^^^^^^^^^^
  File "/usr/lib/python3.12/urllib/request.py", line 630, in http_response
    response = self.parent.error(
               ^^^^^^^^^^^^^^^^^^
  File "/usr/lib/python3.12/urllib/request.py", line 559, in error
    return self._call_chain(*args)
           ^^^^^^^^^^^^^^^^^^^^^^^
  File "/usr/lib/python3.12/urllib/request.py", line 492, in _call_chain
    result = func(*args)
             ^^^^^^^^^^^
  File "/usr/lib/python3.12/urllib/request.py", line 639, in http_error_default
    raise HTTPError(req.full_url, code, msg, hdrs, fp)
urllib.error.HTTPError: HTTP Error 401: Unauthorized

During handling of the above exception, another exception occurred:

Traceback (most recent call last):
  File "/home/alejandro/shop-app/shop_integration/shopify_models/views.py", line 81, in post
    product.export_to_shopify()
  File "/home/alejandro/shop-app/shop_integration/shopify_models/models.py", line 164, in export_to_shopify
    success = s_product.save()
              ^^^^^^^^^^^^^^^^
  File "/home/alejandro/shop-app/shop_integration/.venv/lib/python3.12/site-packages/shopify/resources/product.py", line 43, in save
    return super(ShopifyResource, self).save()
           ^^^^^^^^^^^^^^^^^^^^^^^^^^^^^^^^^^^
  File "/home/alejandro/shop-app/shop_integration/.venv/lib/python3.12/site-packages/pyactiveresource/activeresource.py", line 836, in save
    response = self.klass.connection.post(
               ^^^^^^^^^^^^^^^^^^^^^^^^^^^
  File "/home/alejandro/shop-app/shop_integration/.venv/lib/python3.12/site-packages/pyactiveresource/connection.py", line 375, in post
    return self._open('POST', path, headers=headers, data=data)
           ^^^^^^^^^^^^^^^^^^^^^^^^^^^^^^^^^^^^^^^^^^^^^^^^^^^^
  File "/home/alejandro/shop-app/shop_integration/.venv/lib/python3.12/site-packages/shopify/base.py", line 23, in _open
    self.response = super(ShopifyConnection, self)._open(*args, **kwargs)
                    ^^^^^^^^^^^^^^^^^^^^^^^^^^^^^^^^^^^^^^^^^^^^^^^^^^^^^
  File "/home/alejandro/shop-app/shop_integration/.venv/lib/python3.12/site-packages/pyactiveresource/connection.py", line 288, in _open
    http_response = self._handle_error(err)
                    ^^^^^^^^^^^^^^^^^^^^^^^
  File "/home/alejandro/shop-app/shop_integration/.venv/lib/python3.12/site-packages/pyactiveresource/connection.py", line 415, in _handle_error
    raise UnauthorizedAccess(err)
pyactiveresource.connection.UnauthorizedAccess: Response(code=401, body="b'{"errors":"[API] Invalid API key or access token (unrecognized login or wrong password)"}'", headers={'Date': 'Mon, 02 Feb 2026 14:54:58 GMT', 'Content-Type': 'application/json; charset=utf-8', 'Transfer-Encoding': 'chunked', 'Connection': 'close', 'x-sorting-hat-shopid': '79935570164', 'referrer-policy': 'origin-when-cross-origin', 'x-frame-options': 'DENY', 'x-shopid': '79935570164', 'www-authenticate': 'Basic Realm="Shopify API Authentication"', 'strict-transport-security': 'max-age=7889238', 'x-request-id': 'f3856856-25b9-42a6-9004-a2e8682eb050-1770044098', 'server-timing': 'processing;dur=17, verdict_flag_enabled;desc="count=1";dur=0.109, _y;desc="59fc3bca-4998-40f9-af4c-3c408e8bd2b7", _s;desc="3978a584-7271-4a5c-b9a3-f8ee1fd7abc1"', 'content-security-policy': "default-src 'self' data: blob: 'unsafe-inline' 'unsafe-eval' https://* shopify-pos://*; block-all-mixed-content; child-src 'self' https://* shopify-pos://*; connect-src 'self' wss://* https://*; frame-ancestors 'none'; img-src 'self' data: blob: https:; script-src https://cdn.shopify.com https://cdn.shopifycdn.net https://checkout.pci.shopifyinc.com https://checkout.pci.shopifyinc.com/build/04ed4e1/card_fields.js https://api.stripe.com https://mpsnare.iesnare.com https://appcenter.intuit.com https://www.paypal.com https://js.braintreegateway.com https://c.paypal.com https://maps.googleapis.com https://www.google-analytics.com https://v.shopify.com 'self' 'unsafe-inline' 'unsafe-eval'; upgrade-insecure-requests; report-uri /csp-report?source%5Baction%5D=create&source%5Bapp%5D=Shopify&source%5Bcontroller%5D=admin%2Fproducts&source%5Bsection%5D=admin_api&source%5Buuid%5D=f3856856-25b9-42a6-9004-a2e8682eb050-1770044098; report-to shopify-csp", 'x-content-type-options': 'nosniff', 'x-download-options': 'noopen', 'x-permitted-cross-domain-policies': 'none', 'x-xss-protection': '1; mode=block', 'reporting-endpoints': 'shopify-csp="/csp-report?source%5Baction%5D=create&source%5Bapp%5D=Shopify&source%5Bcontroller%5D=admin%2Fproducts&source%5Bsection%5D=admin_api&source%5Buuid%5D=f3856856-25b9-42a6-9004-a2e8682eb050-1770044098"', 'x-dc': 'gcp-us-central1,gcp-us-central1,gcp-us-central1', 'Alt-Svc': 'h3=":443"; ma=86400', 'cf-cache-status': 'DYNAMIC', 'Report-To': '{"endpoints":[{"url":"https:\\/\\/a.nel.cloudflare.com\\/report\\/v4?s=7qf6c4BMP6QE%2BL%2B2u4s%2BZxpxmrYEzt4TFCe%2F51S75%2BDKwA3I50x2xny%2BdytE8SUisu7MWGRa%2Bcide6ds0d5NXyMltE0fntbbzB9h%2FR8Q94lgf8tcHMPOGJtO7XR7QoPXS03u9ylc%2BqIJFgtPqGEsA3k%3D"}],"group":"cf-nel","max_age":604800}', 'NEL': '{"success_fraction":0.01,"report_to":"cf-nel","max_age":604800}', 'Server-Timing': 'processing;dur=17, verdict_flag_enabled;desc="count=1";dur=0.109, _y;desc="59fc3bca-4998-40f9-af4c-3c408e8bd2b7", _s;desc="3978a584-7271-4a5c-b9a3-f8ee1fd7abc1"', 'Server': 'cloudflare', 'CF-RAY': '9c7a86df49ddac66-YYZ'}, msg="Unauthorized")
INFO 2026-02-02 14:54:58,523 django.server log 16535 125166889727680 "POST /shopify_models/products/7/sync/ HTTP/1.1" 302 0
INFO 2026-02-02 14:54:58,614 django.server log 16535 125166889727680 "GET /shopify_models/products/7/ HTTP/1.1" 200 25743
INFO 2026-02-02 15:28:14,085 django.utils.autoreload autoreload 18338 129217210531968 Watching for file changes with StatReloader
INFO 2026-02-02 15:42:20,129 django.server log 18338 129216773355200 "GET /suppliers/ HTTP/1.1" 200 7006
INFO 2026-02-02 15:42:22,506 django.server log 18338 129216773355200 "GET /suppliers/1/ HTTP/1.1" 200 8958
INFO 2026-02-02 15:42:58,340 django.server log 18338 129216773355200 "GET /shopify_models/products/ HTTP/1.1" 200 53351
INFO 2026-02-02 15:43:02,901 django.server log 18338 129216773355200 "GET /shopify_models/products/7/ HTTP/1.1" 200 21683
ERROR 2026-02-02 15:43:04,605 shopify_models.views views 18338 129216773355200 Unexpected error while synchronizing product 7 ('Water Slide Lubricant 4oz.'): Response(code=401, body="b'{"errors":"[API] Invalid API key or access token (unrecognized login or wrong password)"}'", headers={'Date': 'Mon, 02 Feb 2026 15:43:04 GMT', 'Content-Type': 'application/json; charset=utf-8', 'Transfer-Encoding': 'chunked', 'Connection': 'close', 'x-sorting-hat-shopid': '79935570164', 'referrer-policy': 'origin-when-cross-origin', 'x-frame-options': 'DENY', 'x-shopid': '79935570164', 'www-authenticate': 'Basic Realm="Shopify API Authentication"', 'strict-transport-security': 'max-age=7889238', 'x-request-id': 'b981e98d-3181-419b-9052-f2b1c9b7795a-1770046984', 'server-timing': 'processing;dur=19, verdict_flag_enabled;desc="count=1";dur=0.051, _y;desc="911646c2-b8ec-4458-a4e1-c9fa2805d4f2", _s;desc="ac2edc6d-0346-40e2-bb7d-8db555722cc1"', 'content-security-policy': "default-src 'self' data: blob: 'unsafe-inline' 'unsafe-eval' https://* shopify-pos://*; block-all-mixed-content; child-src 'self' https://* shopify-pos://*; connect-src 'self' wss://* https://*; frame-ancestors 'none'; img-src 'self' data: blob: https:; script-src https://cdn.shopify.com https://cdn.shopifycdn.net https://checkout.pci.shopifyinc.com https://checkout.pci.shopifyinc.com/build/04ed4e1/card_fields.js https://api.stripe.com https://mpsnare.iesnare.com https://appcenter.intuit.com https://www.paypal.com https://js.braintreegateway.com https://c.paypal.com https://maps.googleapis.com https://www.google-analytics.com https://v.shopify.com 'self' 'unsafe-inline' 'unsafe-eval'; upgrade-insecure-requests; report-uri /csp-report?source%5Baction%5D=create&source%5Bapp%5D=Shopify&source%5Bcontroller%5D=admin%2Fproducts&source%5Bsection%5D=admin_api&source%5Buuid%5D=b981e98d-3181-419b-9052-f2b1c9b7795a-1770046984; report-to shopify-csp", 'x-content-type-options': 'nosniff', 'x-download-options': 'noopen', 'x-permitted-cross-domain-policies': 'none', 'x-xss-protection': '1; mode=block', 'reporting-endpoints': 'shopify-csp="/csp-report?source%5Baction%5D=create&source%5Bapp%5D=Shopify&source%5Bcontroller%5D=admin%2Fproducts&source%5Bsection%5D=admin_api&source%5Buuid%5D=b981e98d-3181-419b-9052-f2b1c9b7795a-1770046984"', 'x-dc': 'gcp-us-central1,gcp-us-central1,gcp-us-central1', 'Alt-Svc': 'h3=":443"; ma=86400', 'cf-cache-status': 'DYNAMIC', 'Report-To': '{"endpoints":[{"url":"https:\\/\\/a.nel.cloudflare.com\\/report\\/v4?s=j6Lei8Og7%2FZv11HVVCkIZkeBdVKKjDGf2rATo7v9WtIqCouwY39j3Cj5%2Fl60BJtsR5Gjt%2BBFGtv7D1DPA%2FkE7z2QJECYCNt1hmZZn99GhB7dQmH%2BI1bNghI3rVQDIxrqX6e0QxEWuAGwYqnP8BbFRDQ%3D"}],"group":"cf-nel","max_age":604800}', 'NEL': '{"success_fraction":0.01,"report_to":"cf-nel","max_age":604800}', 'Server-Timing': 'processing;dur=19, verdict_flag_enabled;desc="count=1";dur=0.051, _y;desc="911646c2-b8ec-4458-a4e1-c9fa2805d4f2", _s;desc="ac2edc6d-0346-40e2-bb7d-8db555722cc1"', 'Server': 'cloudflare', 'CF-RAY': '9c7acd5548bbabb8-YYZ'}, msg="Unauthorized")
Traceback (most recent call last):
  File "/home/alejandro/shop-app/shop_integration/.venv/lib/python3.12/site-packages/pyactiveresource/connection.py", line 286, in _open
    http_response = self._handle_error(self._urlopen(request))
                                       ^^^^^^^^^^^^^^^^^^^^^^
  File "/home/alejandro/shop-app/shop_integration/.venv/lib/python3.12/site-packages/pyactiveresource/connection.py", line 316, in _urlopen
    return urllib.request.urlopen(request, timeout=self.timeout)
           ^^^^^^^^^^^^^^^^^^^^^^^^^^^^^^^^^^^^^^^^^^^^^^^^^^^^^
  File "/usr/lib/python3.12/urllib/request.py", line 215, in urlopen
    return opener.open(url, data, timeout)
           ^^^^^^^^^^^^^^^^^^^^^^^^^^^^^^^
  File "/usr/lib/python3.12/urllib/request.py", line 521, in open
    response = meth(req, response)
               ^^^^^^^^^^^^^^^^^^^
  File "/usr/lib/python3.12/urllib/request.py", line 630, in http_response
    response = self.parent.error(
               ^^^^^^^^^^^^^^^^^^
  File "/usr/lib/python3.12/urllib/request.py", line 559, in error
    return self._call_chain(*args)
           ^^^^^^^^^^^^^^^^^^^^^^^
  File "/usr/lib/python3.12/urllib/request.py", line 492, in _call_chain
    result = func(*args)
             ^^^^^^^^^^^
  File "/usr/lib/python3.12/urllib/request.py", line 639, in http_error_default
    raise HTTPError(req.full_url, code, msg, hdrs, fp)
urllib.error.HTTPError: HTTP Error 401: Unauthorized

During handling of the above exception, another exception occurred:

Traceback (most recent call last):
  File "/home/alejandro/shop-app/shop_integration/shopify_models/views.py", line 81, in post
    product.export_to_shopify()
  File "/home/alejandro/shop-app/shop_integration/shopify_models/models.py", line 164, in export_to_shopify
    success = s_product.save()
              ^^^^^^^^^^^^^^^^
  File "/home/alejandro/shop-app/shop_integration/.venv/lib/python3.12/site-packages/shopify/resources/product.py", line 43, in save
    return super(ShopifyResource, self).save()
           ^^^^^^^^^^^^^^^^^^^^^^^^^^^^^^^^^^^
  File "/home/alejandro/shop-app/shop_integration/.venv/lib/python3.12/site-packages/pyactiveresource/activeresource.py", line 836, in save
    response = self.klass.connection.post(
               ^^^^^^^^^^^^^^^^^^^^^^^^^^^
  File "/home/alejandro/shop-app/shop_integration/.venv/lib/python3.12/site-packages/pyactiveresource/connection.py", line 375, in post
    return self._open('POST', path, headers=headers, data=data)
           ^^^^^^^^^^^^^^^^^^^^^^^^^^^^^^^^^^^^^^^^^^^^^^^^^^^^
  File "/home/alejandro/shop-app/shop_integration/.venv/lib/python3.12/site-packages/shopify/base.py", line 23, in _open
    self.response = super(ShopifyConnection, self)._open(*args, **kwargs)
                    ^^^^^^^^^^^^^^^^^^^^^^^^^^^^^^^^^^^^^^^^^^^^^^^^^^^^^
  File "/home/alejandro/shop-app/shop_integration/.venv/lib/python3.12/site-packages/pyactiveresource/connection.py", line 288, in _open
    http_response = self._handle_error(err)
                    ^^^^^^^^^^^^^^^^^^^^^^^
  File "/home/alejandro/shop-app/shop_integration/.venv/lib/python3.12/site-packages/pyactiveresource/connection.py", line 415, in _handle_error
    raise UnauthorizedAccess(err)
pyactiveresource.connection.UnauthorizedAccess: Response(code=401, body="b'{"errors":"[API] Invalid API key or access token (unrecognized login or wrong password)"}'", headers={'Date': 'Mon, 02 Feb 2026 15:43:04 GMT', 'Content-Type': 'application/json; charset=utf-8', 'Transfer-Encoding': 'chunked', 'Connection': 'close', 'x-sorting-hat-shopid': '79935570164', 'referrer-policy': 'origin-when-cross-origin', 'x-frame-options': 'DENY', 'x-shopid': '79935570164', 'www-authenticate': 'Basic Realm="Shopify API Authentication"', 'strict-transport-security': 'max-age=7889238', 'x-request-id': 'b981e98d-3181-419b-9052-f2b1c9b7795a-1770046984', 'server-timing': 'processing;dur=19, verdict_flag_enabled;desc="count=1";dur=0.051, _y;desc="911646c2-b8ec-4458-a4e1-c9fa2805d4f2", _s;desc="ac2edc6d-0346-40e2-bb7d-8db555722cc1"', 'content-security-policy': "default-src 'self' data: blob: 'unsafe-inline' 'unsafe-eval' https://* shopify-pos://*; block-all-mixed-content; child-src 'self' https://* shopify-pos://*; connect-src 'self' wss://* https://*; frame-ancestors 'none'; img-src 'self' data: blob: https:; script-src https://cdn.shopify.com https://cdn.shopifycdn.net https://checkout.pci.shopifyinc.com https://checkout.pci.shopifyinc.com/build/04ed4e1/card_fields.js https://api.stripe.com https://mpsnare.iesnare.com https://appcenter.intuit.com https://www.paypal.com https://js.braintreegateway.com https://c.paypal.com https://maps.googleapis.com https://www.google-analytics.com https://v.shopify.com 'self' 'unsafe-inline' 'unsafe-eval'; upgrade-insecure-requests; report-uri /csp-report?source%5Baction%5D=create&source%5Bapp%5D=Shopify&source%5Bcontroller%5D=admin%2Fproducts&source%5Bsection%5D=admin_api&source%5Buuid%5D=b981e98d-3181-419b-9052-f2b1c9b7795a-1770046984; report-to shopify-csp", 'x-content-type-options': 'nosniff', 'x-download-options': 'noopen', 'x-permitted-cross-domain-policies': 'none', 'x-xss-protection': '1; mode=block', 'reporting-endpoints': 'shopify-csp="/csp-report?source%5Baction%5D=create&source%5Bapp%5D=Shopify&source%5Bcontroller%5D=admin%2Fproducts&source%5Bsection%5D=admin_api&source%5Buuid%5D=b981e98d-3181-419b-9052-f2b1c9b7795a-1770046984"', 'x-dc': 'gcp-us-central1,gcp-us-central1,gcp-us-central1', 'Alt-Svc': 'h3=":443"; ma=86400', 'cf-cache-status': 'DYNAMIC', 'Report-To': '{"endpoints":[{"url":"https:\\/\\/a.nel.cloudflare.com\\/report\\/v4?s=j6Lei8Og7%2FZv11HVVCkIZkeBdVKKjDGf2rATo7v9WtIqCouwY39j3Cj5%2Fl60BJtsR5Gjt%2BBFGtv7D1DPA%2FkE7z2QJECYCNt1hmZZn99GhB7dQmH%2BI1bNghI3rVQDIxrqX6e0QxEWuAGwYqnP8BbFRDQ%3D"}],"group":"cf-nel","max_age":604800}', 'NEL': '{"success_fraction":0.01,"report_to":"cf-nel","max_age":604800}', 'Server-Timing': 'processing;dur=19, verdict_flag_enabled;desc="count=1";dur=0.051, _y;desc="911646c2-b8ec-4458-a4e1-c9fa2805d4f2", _s;desc="ac2edc6d-0346-40e2-bb7d-8db555722cc1"', 'Server': 'cloudflare', 'CF-RAY': '9c7acd5548bbabb8-YYZ'}, msg="Unauthorized")
INFO 2026-02-02 15:43:04,610 django.server log 18338 129216773355200 "POST /shopify_models/products/7/sync/ HTTP/1.1" 302 0
INFO 2026-02-02 15:43:04,680 django.server log 18338 129216773355200 "GET /shopify_models/products/7/ HTTP/1.1" 200 25735
INFO 2026-02-02 15:43:25,712 django.server log 18338 129216773355200 "GET /accounts/shops/ HTTP/1.1" 200 6270
INFO 2026-02-02 15:43:28,813 django.server log 18338 129216773355200 "GET /accounts/shops/1/ HTTP/1.1" 200 6258
INFO 2026-02-02 15:43:30,280 django.server log 18338 129216773355200 "GET /accounts/shops/1/auth/ HTTP/1.1" 302 0
INFO 2026-02-02 15:44:31,289 django.utils.autoreload autoreload 22172 138752116035712 Watching for file changes with StatReloader
INFO 2026-02-02 15:44:45,779 django.server log 22172 138751948183232 "GET /?embedded=1&hmac=fe4e4084db4c746862ef3e351ddc53ce648c6a11eec5a3574d93e1d59687c390&host=YWRtaW4uc2hvcGlmeS5jb20vc3RvcmUvZGF0YWludGVncmF0aW9uLTI&id_token=eyJhbGciOiJIUzI1NiIsInR5cCI6IkpXVCJ9.eyJpc3MiOiJodHRwczpcL1wvZGF0YWludGVncmF0aW9uLTIubXlzaG9waWZ5LmNvbVwvYWRtaW4iLCJkZXN0IjoiaHR0cHM6XC9cL2RhdGFpbnRlZ3JhdGlvbi0yLm15c2hvcGlmeS5jb20iLCJhdWQiOiI2NGJmMmU3YjQ3YmIwMTk2NzE2ZDVmZGNiNzcwODljOCIsInN1YiI6IjEwMjkyNjA1NzcxNiIsImV4cCI6MTc3MDA0NzE0NSwibmJmIjoxNzcwMDQ3MDg1LCJpYXQiOjE3NzAwNDcwODUsImp0aSI6ImI3YmE3M2U1LWI1ZjMtNDU4MS05YWE0LTkwZDRlMGQzMWJhYyIsInNpZCI6IjdjNGNjNGFiLWUyNzUtNDFkZS1hOGNkLWZlMzc3Yzk3OWFhNSIsInNpZyI6IjEyMTc3ZmMzMjllYmM3YjExMmE5MGVlNmIyYmQxYjMwZDEyOWViZGQ4M2MyNTY0ZTFhOTA3OWE2MDMxMDBhNWQifQ.AQ5WnhuR1-Hjjl0z6e6naRUax1q9db8P2XhO3vPLW6A&locale=en&session=56d4530f5140ed72941c6d5f97766676068a2ef99317180a4287d883df6a127d&shop=dataintegration-2.myshopify.com&timestamp=1770047085 HTTP/1.1" 200 4211
INFO 2026-02-02 15:45:31,730 django.server log 22172 138751948183232 "GET /?embedded=1&hmac=12205eefc0c51b38cd3f95c99f3dcf6a2a6d1a6d99540ba01099d7d225473d2b&host=YWRtaW4uc2hvcGlmeS5jb20vc3RvcmUvZGF0YWludGVncmF0aW9uLTI&id_token=eyJhbGciOiJIUzI1NiIsInR5cCI6IkpXVCJ9.eyJpc3MiOiJodHRwczpcL1wvZGF0YWludGVncmF0aW9uLTIubXlzaG9waWZ5LmNvbVwvYWRtaW4iLCJkZXN0IjoiaHR0cHM6XC9cL2RhdGFpbnRlZ3JhdGlvbi0yLm15c2hvcGlmeS5jb20iLCJhdWQiOiI2NGJmMmU3YjQ3YmIwMTk2NzE2ZDVmZGNiNzcwODljOCIsInN1YiI6IjEwMjkyNjA1NzcxNiIsImV4cCI6MTc3MDA0NzE5MSwibmJmIjoxNzcwMDQ3MTMxLCJpYXQiOjE3NzAwNDcxMzEsImp0aSI6IjEzYzZlOTY3LTY3OWItNDA1OS05MTVhLTY0MDViNmJmMDVhZiIsInNpZCI6IjdjNGNjNGFiLWUyNzUtNDFkZS1hOGNkLWZlMzc3Yzk3OWFhNSIsInNpZyI6ImMyYWU2MDE5YmI0NDVhMDc5MWVlMTU3MmU3NmY1NjM1ZjZjNjc3NDJkNjZjZTgwZDA0NzM2MTIzNTUxM2I2OTEifQ.d0V7oP8DNXCvw6E7Zwyv2pfVCTjgxTust38zRAv6G64&locale=en&session=56d4530f5140ed72941c6d5f97766676068a2ef99317180a4287d883df6a127d&shop=dataintegration-2.myshopify.com&timestamp=1770047131 HTTP/1.1" 200 4211
INFO 2026-02-02 15:45:54,414 django.utils.autoreload autoreload 22493 135511883206784 Watching for file changes with StatReloader
INFO 2026-02-02 15:45:58,242 django.server log 22493 135511446386368 "GET / HTTP/1.1" 200 4211
INFO 2026-02-02 15:46:04,574 django.server log 22493 135511428552384 "GET / HTTP/1.1" 200 4301
INFO 2026-02-02 15:46:15,794 django.server log 22493 135511420159680 "GET /?embedded=1&hmac=0c6852a1c787c25d826e018c36366b1700a143aabf9618a76cfc153b87612d36&host=YWRtaW4uc2hvcGlmeS5jb20vc3RvcmUvZGF0YWludGVncmF0aW9uLTI&id_token=eyJhbGciOiJIUzI1NiIsInR5cCI6IkpXVCJ9.eyJpc3MiOiJodHRwczpcL1wvZGF0YWludGVncmF0aW9uLTIubXlzaG9waWZ5LmNvbVwvYWRtaW4iLCJkZXN0IjoiaHR0cHM6XC9cL2RhdGFpbnRlZ3JhdGlvbi0yLm15c2hvcGlmeS5jb20iLCJhdWQiOiI2NGJmMmU3YjQ3YmIwMTk2NzE2ZDVmZGNiNzcwODljOCIsInN1YiI6IjEwMjkyNjA1NzcxNiIsImV4cCI6MTc3MDA0NzIzNSwibmJmIjoxNzcwMDQ3MTc1LCJpYXQiOjE3NzAwNDcxNzUsImp0aSI6ImUxYmE1MjQzLWQyYjAtNGI4ZS04OTQzLWY4NjQ5MjlmYzQ3ZSIsInNpZCI6IjdjNGNjNGFiLWUyNzUtNDFkZS1hOGNkLWZlMzc3Yzk3OWFhNSIsInNpZyI6IjZkYzc3YWRlY2E5YWYzMzlkNjc0NmY0ZjhlZDIzNGQ2ZDE2YTBmMmZmM2Y2Y2RhM2VlZjhiOTc0NWNhMzFjMWYifQ.QwhG65tdAm4pqbIoqQg5Gbht8v9qAqnOQdCL0MULcZA&locale=en&session=56d4530f5140ed72941c6d5f97766676068a2ef99317180a4287d883df6a127d&shop=dataintegration-2.myshopify.com&timestamp=1770047175 HTTP/1.1" 200 4211
INFO 2026-02-02 15:46:35,555 django.server log 22493 135511428552384 "GET /suppliers/ HTTP/1.1" 200 7006
INFO 2026-02-02 15:46:37,859 django.server log 22493 135511428552384 "GET /suppliers/1/ HTTP/1.1" 200 8958
INFO 2026-02-02 15:47:53,364 django.server log 22493 135511420159680 "GET /accounts/shops/1/auth/ HTTP/1.1" 302 0
INFO 2026-02-02 15:50:41,245 django.server log 22493 135511428552384 "POST /suppliers/1/ HTTP/1.1" 302 0
INFO 2026-02-02 15:50:41,328 django.server log 22493 135511428552384 "GET /suppliers/1/ HTTP/1.1" 200 9539
INFO 2026-02-02 15:50:45,753 django.server log 22493 135511428552384 "GET /accounts/shops/1/auth/ HTTP/1.1" 302 0
INFO 2026-02-02 17:12:24,560 django.server log 22493 135511428552384 "GET /?embedded=1&hmac=2ffbca32c054def3fb23cbf1f72d914fcabf7639e0b7bb78e23c387ddd6755fd&host=YWRtaW4uc2hvcGlmeS5jb20vc3RvcmUvZGF0YWludGVncmF0aW9uLTI&id_token=eyJhbGciOiJIUzI1NiIsInR5cCI6IkpXVCJ9.eyJpc3MiOiJodHRwczpcL1wvZGF0YWludGVncmF0aW9uLTIubXlzaG9waWZ5LmNvbVwvYWRtaW4iLCJkZXN0IjoiaHR0cHM6XC9cL2RhdGFpbnRlZ3JhdGlvbi0yLm15c2hvcGlmeS5jb20iLCJhdWQiOiI2NGJmMmU3YjQ3YmIwMTk2NzE2ZDVmZGNiNzcwODljOCIsInN1YiI6IjEwMjkyNjA1NzcxNiIsImV4cCI6MTc3MDA1MjQwMywibmJmIjoxNzcwMDUyMzQzLCJpYXQiOjE3NzAwNTIzNDMsImp0aSI6ImQ5ZThhOWY0LTEzYzgtNDAxYy1iM2E2LTYyYTVlMzNjNGRlNyIsInNpZCI6IjdjNGNjNGFiLWUyNzUtNDFkZS1hOGNkLWZlMzc3Yzk3OWFhNSIsInNpZyI6ImFiNzE4ZjM4MmUyODIwMTJkNmVkMzI5OWZmZGU3ZjMxYWQ1M2FkZTRhYzQ4NDM4ZjljZDY2YTlmMzY5N2ZiMTMifQ.Prnnesn_WpUdCMMlmTE3sHoG9-u8DfV7_l1m9WuKZVk&locale=en&session=56d4530f5140ed72941c6d5f97766676068a2ef99317180a4287d883df6a127d&shop=dataintegration-2.myshopify.com&timestamp=1770052343 HTTP/1.1" 200 4211
INFO 2026-02-02 17:25:57,936 django.server log 22493 135511428552384 "GET /suppliers/1/ HTTP/1.1" 200 8958
INFO 2026-02-02 17:26:04,041 django.server log 22493 135511428552384 "GET /shopify_models/products/ HTTP/1.1" 200 95783
INFO 2026-02-02 17:26:09,474 django.server log 22493 135511428552384 "GET /shopify_models/products/?page=3 HTTP/1.1" 200 92396
INFO 2026-02-02 17:26:16,357 django.server log 22493 135511428552384 "GET /shopify_models/products/?page=5 HTTP/1.1" 200 96321
INFO 2026-02-02 17:26:22,576 django.server log 22493 135511428552384 "GET /shopify_models/products/?page=7 HTTP/1.1" 200 96611
INFO 2026-02-02 17:26:28,455 django.server log 22493 135511428552384 "GET /shopify_models/products/301/ HTTP/1.1" 200 25414
INFO 2026-02-02 17:26:53,107 django.server log 22493 135511428552384 "GET /shopify_models/products/ HTTP/1.1" 200 95783
INFO 2026-02-02 17:26:58,003 django.server log 22493 135511428552384 "GET /shopify_models/products/?page=2 HTTP/1.1" 200 95271
INFO 2026-02-02 17:27:00,868 django.server log 22493 135511428552384 "GET /shopify_models/products/51/ HTTP/1.1" 200 20452
ERROR 2026-02-02 17:27:07,804 shopify_models.views views 22493 135511428552384 Unexpected error while synchronizing product 51 ('Sliquid Organics Natural Lubricant 8.5oz'): Response(code=401, body="b'{"errors":"[API] Invalid API key or access token (unrecognized login or wrong password)"}'", headers={'Date': 'Mon, 02 Feb 2026 17:27:07 GMT', 'Content-Type': 'application/json; charset=utf-8', 'Transfer-Encoding': 'chunked', 'Connection': 'close', 'x-sorting-hat-shopid': '79935570164', 'referrer-policy': 'origin-when-cross-origin', 'x-frame-options': 'DENY', 'x-shopid': '79935570164', 'www-authenticate': 'Basic Realm="Shopify API Authentication"', 'strict-transport-security': 'max-age=7889238', 'x-request-id': 'ea7274d8-772f-44be-8ce0-dca9177f7017-1770053227', 'server-timing': 'processing;dur=65, verdict_flag_enabled;desc="count=1";dur=0.063, _y;desc="a3bd4560-77f4-4f71-997b-fde6e30e810a", _s;desc="f48a26b7-1e2b-4d5d-ba8b-272d80a215cf"', 'content-security-policy': "default-src 'self' data: blob: 'unsafe-inline' 'unsafe-eval' https://* shopify-pos://*; block-all-mixed-content; child-src 'self' https://* shopify-pos://*; connect-src 'self' wss://* https://*; frame-ancestors 'none'; img-src 'self' data: blob: https:; script-src https://cdn.shopify.com https://cdn.shopifycdn.net https://checkout.pci.shopifyinc.com https://checkout.pci.shopifyinc.com/build/04ed4e1/card_fields.js https://api.stripe.com https://mpsnare.iesnare.com https://appcenter.intuit.com https://www.paypal.com https://js.braintreegateway.com https://c.paypal.com https://maps.googleapis.com https://www.google-analytics.com https://v.shopify.com 'self' 'unsafe-inline' 'unsafe-eval'; upgrade-insecure-requests; report-uri /csp-report?source%5Baction%5D=create&source%5Bapp%5D=Shopify&source%5Bcontroller%5D=admin%2Fproducts&source%5Bsection%5D=admin_api&source%5Buuid%5D=ea7274d8-772f-44be-8ce0-dca9177f7017-1770053227; report-to shopify-csp", 'x-content-type-options': 'nosniff', 'x-download-options': 'noopen', 'x-permitted-cross-domain-policies': 'none', 'x-xss-protection': '1; mode=block', 'reporting-endpoints': 'shopify-csp="/csp-report?source%5Baction%5D=create&source%5Bapp%5D=Shopify&source%5Bcontroller%5D=admin%2Fproducts&source%5Bsection%5D=admin_api&source%5Buuid%5D=ea7274d8-772f-44be-8ce0-dca9177f7017-1770053227"', 'x-dc': 'gcp-us-central1,gcp-us-central1,gcp-us-central1', 'Alt-Svc': 'h3=":443"; ma=86400', 'cf-cache-status': 'DYNAMIC', 'Report-To': '{"endpoints":[{"url":"https:\\/\\/a.nel.cloudflare.com\\/report\\/v4?s=wBxE8to3Pw5j5Yrgt7wwZwTW7vd9RQvfconDUEaMi6V%2BneUmmtf4ZBQcqfkvoPZXeTbvYZnZfA9Zl4at3AKvp1rF%2FZbLQrrx7PTmAF97zwP8gy7EniCekPcC5t7dzQWTYvxm%2F2dS5oniAPcj4qPK5zI%3D"}],"group":"cf-nel","max_age":604800}', 'NEL': '{"success_fraction":0.01,"report_to":"cf-nel","max_age":604800}', 'Server-Timing': 'processing;dur=65, verdict_flag_enabled;desc="count=1";dur=0.063, _y;desc="a3bd4560-77f4-4f71-997b-fde6e30e810a", _s;desc="f48a26b7-1e2b-4d5d-ba8b-272d80a215cf"', 'Server': 'cloudflare', 'CF-RAY': '9c7b65c10fbfc730-YYZ'}, msg="Unauthorized")
Traceback (most recent call last):
  File "/home/alejandro/shop-app/shop_integration/.venv/lib/python3.12/site-packages/pyactiveresource/connection.py", line 286, in _open
    http_response = self._handle_error(self._urlopen(request))
                                       ^^^^^^^^^^^^^^^^^^^^^^
  File "/home/alejandro/shop-app/shop_integration/.venv/lib/python3.12/site-packages/pyactiveresource/connection.py", line 316, in _urlopen
    return urllib.request.urlopen(request, timeout=self.timeout)
           ^^^^^^^^^^^^^^^^^^^^^^^^^^^^^^^^^^^^^^^^^^^^^^^^^^^^^
  File "/usr/lib/python3.12/urllib/request.py", line 215, in urlopen
    return opener.open(url, data, timeout)
           ^^^^^^^^^^^^^^^^^^^^^^^^^^^^^^^
  File "/usr/lib/python3.12/urllib/request.py", line 521, in open
    response = meth(req, response)
               ^^^^^^^^^^^^^^^^^^^
  File "/usr/lib/python3.12/urllib/request.py", line 630, in http_response
    response = self.parent.error(
               ^^^^^^^^^^^^^^^^^^
  File "/usr/lib/python3.12/urllib/request.py", line 559, in error
    return self._call_chain(*args)
           ^^^^^^^^^^^^^^^^^^^^^^^
  File "/usr/lib/python3.12/urllib/request.py", line 492, in _call_chain
    result = func(*args)
             ^^^^^^^^^^^
  File "/usr/lib/python3.12/urllib/request.py", line 639, in http_error_default
    raise HTTPError(req.full_url, code, msg, hdrs, fp)
urllib.error.HTTPError: HTTP Error 401: Unauthorized

During handling of the above exception, another exception occurred:

Traceback (most recent call last):
  File "/home/alejandro/shop-app/shop_integration/shopify_models/views.py", line 81, in post
    product.export_to_shopify()
  File "/home/alejandro/shop-app/shop_integration/shopify_models/models.py", line 164, in export_to_shopify
    success = s_product.save()
              ^^^^^^^^^^^^^^^^
  File "/home/alejandro/shop-app/shop_integration/.venv/lib/python3.12/site-packages/shopify/resources/product.py", line 43, in save
    return super(ShopifyResource, self).save()
           ^^^^^^^^^^^^^^^^^^^^^^^^^^^^^^^^^^^
  File "/home/alejandro/shop-app/shop_integration/.venv/lib/python3.12/site-packages/pyactiveresource/activeresource.py", line 836, in save
    response = self.klass.connection.post(
               ^^^^^^^^^^^^^^^^^^^^^^^^^^^
  File "/home/alejandro/shop-app/shop_integration/.venv/lib/python3.12/site-packages/pyactiveresource/connection.py", line 375, in post
    return self._open('POST', path, headers=headers, data=data)
           ^^^^^^^^^^^^^^^^^^^^^^^^^^^^^^^^^^^^^^^^^^^^^^^^^^^^
  File "/home/alejandro/shop-app/shop_integration/.venv/lib/python3.12/site-packages/shopify/base.py", line 23, in _open
    self.response = super(ShopifyConnection, self)._open(*args, **kwargs)
                    ^^^^^^^^^^^^^^^^^^^^^^^^^^^^^^^^^^^^^^^^^^^^^^^^^^^^^
  File "/home/alejandro/shop-app/shop_integration/.venv/lib/python3.12/site-packages/pyactiveresource/connection.py", line 288, in _open
    http_response = self._handle_error(err)
                    ^^^^^^^^^^^^^^^^^^^^^^^
  File "/home/alejandro/shop-app/shop_integration/.venv/lib/python3.12/site-packages/pyactiveresource/connection.py", line 415, in _handle_error
    raise UnauthorizedAccess(err)
pyactiveresource.connection.UnauthorizedAccess: Response(code=401, body="b'{"errors":"[API] Invalid API key or access token (unrecognized login or wrong password)"}'", headers={'Date': 'Mon, 02 Feb 2026 17:27:07 GMT', 'Content-Type': 'application/json; charset=utf-8', 'Transfer-Encoding': 'chunked', 'Connection': 'close', 'x-sorting-hat-shopid': '79935570164', 'referrer-policy': 'origin-when-cross-origin', 'x-frame-options': 'DENY', 'x-shopid': '79935570164', 'www-authenticate': 'Basic Realm="Shopify API Authentication"', 'strict-transport-security': 'max-age=7889238', 'x-request-id': 'ea7274d8-772f-44be-8ce0-dca9177f7017-1770053227', 'server-timing': 'processing;dur=65, verdict_flag_enabled;desc="count=1";dur=0.063, _y;desc="a3bd4560-77f4-4f71-997b-fde6e30e810a", _s;desc="f48a26b7-1e2b-4d5d-ba8b-272d80a215cf"', 'content-security-policy': "default-src 'self' data: blob: 'unsafe-inline' 'unsafe-eval' https://* shopify-pos://*; block-all-mixed-content; child-src 'self' https://* shopify-pos://*; connect-src 'self' wss://* https://*; frame-ancestors 'none'; img-src 'self' data: blob: https:; script-src https://cdn.shopify.com https://cdn.shopifycdn.net https://checkout.pci.shopifyinc.com https://checkout.pci.shopifyinc.com/build/04ed4e1/card_fields.js https://api.stripe.com https://mpsnare.iesnare.com https://appcenter.intuit.com https://www.paypal.com https://js.braintreegateway.com https://c.paypal.com https://maps.googleapis.com https://www.google-analytics.com https://v.shopify.com 'self' 'unsafe-inline' 'unsafe-eval'; upgrade-insecure-requests; report-uri /csp-report?source%5Baction%5D=create&source%5Bapp%5D=Shopify&source%5Bcontroller%5D=admin%2Fproducts&source%5Bsection%5D=admin_api&source%5Buuid%5D=ea7274d8-772f-44be-8ce0-dca9177f7017-1770053227; report-to shopify-csp", 'x-content-type-options': 'nosniff', 'x-download-options': 'noopen', 'x-permitted-cross-domain-policies': 'none', 'x-xss-protection': '1; mode=block', 'reporting-endpoints': 'shopify-csp="/csp-report?source%5Baction%5D=create&source%5Bapp%5D=Shopify&source%5Bcontroller%5D=admin%2Fproducts&source%5Bsection%5D=admin_api&source%5Buuid%5D=ea7274d8-772f-44be-8ce0-dca9177f7017-1770053227"', 'x-dc': 'gcp-us-central1,gcp-us-central1,gcp-us-central1', 'Alt-Svc': 'h3=":443"; ma=86400', 'cf-cache-status': 'DYNAMIC', 'Report-To': '{"endpoints":[{"url":"https:\\/\\/a.nel.cloudflare.com\\/report\\/v4?s=wBxE8to3Pw5j5Yrgt7wwZwTW7vd9RQvfconDUEaMi6V%2BneUmmtf4ZBQcqfkvoPZXeTbvYZnZfA9Zl4at3AKvp1rF%2FZbLQrrx7PTmAF97zwP8gy7EniCekPcC5t7dzQWTYvxm%2F2dS5oniAPcj4qPK5zI%3D"}],"group":"cf-nel","max_age":604800}', 'NEL': '{"success_fraction":0.01,"report_to":"cf-nel","max_age":604800}', 'Server-Timing': 'processing;dur=65, verdict_flag_enabled;desc="count=1";dur=0.063, _y;desc="a3bd4560-77f4-4f71-997b-fde6e30e810a", _s;desc="f48a26b7-1e2b-4d5d-ba8b-272d80a215cf"', 'Server': 'cloudflare', 'CF-RAY': '9c7b65c10fbfc730-YYZ'}, msg="Unauthorized")
INFO 2026-02-02 17:27:07,810 django.server log 22493 135511428552384 "POST /shopify_models/products/51/sync/ HTTP/1.1" 302 0
INFO 2026-02-02 17:27:07,876 django.server log 22493 135511428552384 "GET /shopify_models/products/51/ HTTP/1.1" 200 24514
INFO 2026-02-02 17:27:27,453 django.server log 22493 135511428552384 "GET /accounts/shops/ HTTP/1.1" 200 6270
INFO 2026-02-02 17:27:29,498 django.server log 22493 135511428552384 "GET /accounts/shops/1/ HTTP/1.1" 200 6258
INFO 2026-02-02 17:27:32,095 django.server log 22493 135511428552384 "GET /accounts/shops/1/auth/ HTTP/1.1" 302 0
INFO 2026-02-02 17:29:22,925 django.server log 22493 135511428552384 "GET /accounts/shops/1/ HTTP/1.1" 200 6258
INFO 2026-02-02 17:29:24,203 django.server log 22493 135511428552384 "GET /accounts/shops/1/auth/ HTTP/1.1" 302 0
INFO 2026-02-02 17:29:25,172 django.server log 22493 135511428552384 "GET /accounts/shops/callback/?code=4f3ce2bc53163e0882bad6748acd5c25&hmac=df6acf1c2819b82e10d476c5466f035eb7b5af281111e1238e35779ffa9c0e2f&host=YWRtaW4uc2hvcGlmeS5jb20vc3RvcmUvZGF0YWludGVncmF0aW9uLTI&shop=dataintegration-2.myshopify.com&state=ZRD7-fSJcb72U1SjQkoAmQ&timestamp=1770053364 HTTP/1.1" 302 0
INFO 2026-02-02 17:29:25,243 django.server log 22493 135511428552384 "GET / HTTP/1.1" 200 4536
INFO 2026-02-02 17:29:29,557 django.server log 22493 135511428552384 "GET /shopify_models/products/ HTTP/1.1" 200 95783
INFO 2026-02-02 17:29:33,702 django.server log 22493 135511428552384 "GET /shopify_models/products/?page=2 HTTP/1.1" 200 95271
INFO 2026-02-02 17:29:38,027 django.server log 22493 135511428552384 "GET /shopify_models/products/83/ HTTP/1.1" 200 24810
ERROR 2026-02-02 17:29:39,899 shopify_models.views views 22493 135511428552384 Unexpected error while synchronizing product 83 ('JO H2O Tropical Passion Flavored Water-Based Lubricant 1 oz.'): Response(code=403, body="b'{"errors":"[API] This action requires merchant approval for write_products scope."}'", headers={'Date': 'Mon, 02 Feb 2026 17:29:39 GMT', 'Content-Type': 'application/json; charset=utf-8', 'Transfer-Encoding': 'chunked', 'Connection': 'close', 'x-sorting-hat-shopid': '79935570164', 'vary': 'Accept-Encoding', 'referrer-policy': 'origin-when-cross-origin', 'x-frame-options': 'DENY', 'x-shopid': '79935570164', 'x-stats-userid': '', 'x-stats-apiclientid': '317291986945', 'x-stats-apipermissionid': '655588557044', 'x-shopify-api-version': '2025-10', 'x-shopify-shop-api-call-limit': '1/40', 'strict-transport-security': 'max-age=7889238', 'x-request-id': '150dd0d0-ed66-4ab9-84f8-04b17f526bcf-1770053379', 'server-timing': 'processing;dur=38, verdict_flag_enabled;desc="count=3";dur=0.175, _y;desc="98b0a584-f864-4939-a161-938f5296c43a", _s;desc="70aaeca5-876c-4078-9cd2-5bf935ec12f8"', 'content-security-policy': "default-src 'self' data: blob: 'unsafe-inline' 'unsafe-eval' https://* shopify-pos://*; block-all-mixed-content; child-src 'self' https://* shopify-pos://*; connect-src 'self' wss://* https://*; frame-ancestors 'none'; img-src 'self' data: blob: https:; script-src https://cdn.shopify.com https://cdn.shopifycdn.net https://checkout.pci.shopifyinc.com https://checkout.pci.shopifyinc.com/build/04ed4e1/card_fields.js https://api.stripe.com https://mpsnare.iesnare.com https://appcenter.intuit.com https://www.paypal.com https://js.braintreegateway.com https://c.paypal.com https://maps.googleapis.com https://www.google-analytics.com https://v.shopify.com 'self' 'unsafe-inline' 'unsafe-eval'; upgrade-insecure-requests; report-uri /csp-report?source%5Baction%5D=create&source%5Bapp%5D=Shopify&source%5Bcontroller%5D=admin%2Fproducts&source%5Bsection%5D=admin_api&source%5Buuid%5D=150dd0d0-ed66-4ab9-84f8-04b17f526bcf-1770053379; report-to shopify-csp", 'x-content-type-options': 'nosniff', 'x-download-options': 'noopen', 'x-permitted-cross-domain-policies': 'none', 'x-xss-protection': '1; mode=block', 'reporting-endpoints': 'shopify-csp="/csp-report?source%5Baction%5D=create&source%5Bapp%5D=Shopify&source%5Bcontroller%5D=admin%2Fproducts&source%5Bsection%5D=admin_api&source%5Buuid%5D=150dd0d0-ed66-4ab9-84f8-04b17f526bcf-1770053379"', 'x-dc': 'gcp-us-central1,gcp-us-central1,gcp-us-central1', 'Alt-Svc': 'h3=":443"; ma=86400', 'cf-cache-status': 'DYNAMIC', 'Report-To': '{"endpoints":[{"url":"https:\\/\\/a.nel.cloudflare.com\\/report\\/v4?s=2MY8YLRE7w52VeVLaeTn73RampLOVw7%2BH66HxTxAYK3ufl4UI%2Bo9RkpYKlC9jKUL2Znu0nqBbZcRNZwmR9XmI6dTrSU2JUcxWx%2FREPy%2FRI0gR%2FJ38DOXEwTQM6Oc6EJo%2F6YUOnPO%2B6OEFkaqET%2BUmcE%3D"}],"group":"cf-nel","max_age":604800}', 'NEL': '{"success_fraction":0.01,"report_to":"cf-nel","max_age":604800}', 'Server-Timing': 'processing;dur=38, verdict_flag_enabled;desc="count=3";dur=0.175, _y;desc="98b0a584-f864-4939-a161-938f5296c43a", _s;desc="70aaeca5-876c-4078-9cd2-5bf935ec12f8"', 'Server': 'cloudflare', 'CF-RAY': '9c7b6977ddcc5163-YYZ'}, msg="Forbidden")
Traceback (most recent call last):
  File "/home/alejandro/shop-app/shop_integration/.venv/lib/python3.12/site-packages/pyactiveresource/connection.py", line 286, in _open
    http_response = self._handle_error(self._urlopen(request))
                                       ^^^^^^^^^^^^^^^^^^^^^^
  File "/home/alejandro/shop-app/shop_integration/.venv/lib/python3.12/site-packages/pyactiveresource/connection.py", line 316, in _urlopen
    return urllib.request.urlopen(request, timeout=self.timeout)
           ^^^^^^^^^^^^^^^^^^^^^^^^^^^^^^^^^^^^^^^^^^^^^^^^^^^^^
  File "/usr/lib/python3.12/urllib/request.py", line 215, in urlopen
    return opener.open(url, data, timeout)
           ^^^^^^^^^^^^^^^^^^^^^^^^^^^^^^^
  File "/usr/lib/python3.12/urllib/request.py", line 521, in open
    response = meth(req, response)
               ^^^^^^^^^^^^^^^^^^^
  File "/usr/lib/python3.12/urllib/request.py", line 630, in http_response
    response = self.parent.error(
               ^^^^^^^^^^^^^^^^^^
  File "/usr/lib/python3.12/urllib/request.py", line 559, in error
    return self._call_chain(*args)
           ^^^^^^^^^^^^^^^^^^^^^^^
  File "/usr/lib/python3.12/urllib/request.py", line 492, in _call_chain
    result = func(*args)
             ^^^^^^^^^^^
  File "/usr/lib/python3.12/urllib/request.py", line 639, in http_error_default
    raise HTTPError(req.full_url, code, msg, hdrs, fp)
urllib.error.HTTPError: HTTP Error 403: Forbidden

During handling of the above exception, another exception occurred:

Traceback (most recent call last):
  File "/home/alejandro/shop-app/shop_integration/shopify_models/views.py", line 81, in post
    product.export_to_shopify()
  File "/home/alejandro/shop-app/shop_integration/shopify_models/models.py", line 164, in export_to_shopify
    success = s_product.save()
              ^^^^^^^^^^^^^^^^
  File "/home/alejandro/shop-app/shop_integration/.venv/lib/python3.12/site-packages/shopify/resources/product.py", line 43, in save
    return super(ShopifyResource, self).save()
           ^^^^^^^^^^^^^^^^^^^^^^^^^^^^^^^^^^^
  File "/home/alejandro/shop-app/shop_integration/.venv/lib/python3.12/site-packages/pyactiveresource/activeresource.py", line 836, in save
    response = self.klass.connection.post(
               ^^^^^^^^^^^^^^^^^^^^^^^^^^^
  File "/home/alejandro/shop-app/shop_integration/.venv/lib/python3.12/site-packages/pyactiveresource/connection.py", line 375, in post
    return self._open('POST', path, headers=headers, data=data)
           ^^^^^^^^^^^^^^^^^^^^^^^^^^^^^^^^^^^^^^^^^^^^^^^^^^^^
  File "/home/alejandro/shop-app/shop_integration/.venv/lib/python3.12/site-packages/shopify/base.py", line 23, in _open
    self.response = super(ShopifyConnection, self)._open(*args, **kwargs)
                    ^^^^^^^^^^^^^^^^^^^^^^^^^^^^^^^^^^^^^^^^^^^^^^^^^^^^^
  File "/home/alejandro/shop-app/shop_integration/.venv/lib/python3.12/site-packages/pyactiveresource/connection.py", line 288, in _open
    http_response = self._handle_error(err)
                    ^^^^^^^^^^^^^^^^^^^^^^^
  File "/home/alejandro/shop-app/shop_integration/.venv/lib/python3.12/site-packages/pyactiveresource/connection.py", line 417, in _handle_error
    raise ForbiddenAccess(err)
pyactiveresource.connection.ForbiddenAccess: Response(code=403, body="b'{"errors":"[API] This action requires merchant approval for write_products scope."}'", headers={'Date': 'Mon, 02 Feb 2026 17:29:39 GMT', 'Content-Type': 'application/json; charset=utf-8', 'Transfer-Encoding': 'chunked', 'Connection': 'close', 'x-sorting-hat-shopid': '79935570164', 'vary': 'Accept-Encoding', 'referrer-policy': 'origin-when-cross-origin', 'x-frame-options': 'DENY', 'x-shopid': '79935570164', 'x-stats-userid': '', 'x-stats-apiclientid': '317291986945', 'x-stats-apipermissionid': '655588557044', 'x-shopify-api-version': '2025-10', 'x-shopify-shop-api-call-limit': '1/40', 'strict-transport-security': 'max-age=7889238', 'x-request-id': '150dd0d0-ed66-4ab9-84f8-04b17f526bcf-1770053379', 'server-timing': 'processing;dur=38, verdict_flag_enabled;desc="count=3";dur=0.175, _y;desc="98b0a584-f864-4939-a161-938f5296c43a", _s;desc="70aaeca5-876c-4078-9cd2-5bf935ec12f8"', 'content-security-policy': "default-src 'self' data: blob: 'unsafe-inline' 'unsafe-eval' https://* shopify-pos://*; block-all-mixed-content; child-src 'self' https://* shopify-pos://*; connect-src 'self' wss://* https://*; frame-ancestors 'none'; img-src 'self' data: blob: https:; script-src https://cdn.shopify.com https://cdn.shopifycdn.net https://checkout.pci.shopifyinc.com https://checkout.pci.shopifyinc.com/build/04ed4e1/card_fields.js https://api.stripe.com https://mpsnare.iesnare.com https://appcenter.intuit.com https://www.paypal.com https://js.braintreegateway.com https://c.paypal.com https://maps.googleapis.com https://www.google-analytics.com https://v.shopify.com 'self' 'unsafe-inline' 'unsafe-eval'; upgrade-insecure-requests; report-uri /csp-report?source%5Baction%5D=create&source%5Bapp%5D=Shopify&source%5Bcontroller%5D=admin%2Fproducts&source%5Bsection%5D=admin_api&source%5Buuid%5D=150dd0d0-ed66-4ab9-84f8-04b17f526bcf-1770053379; report-to shopify-csp", 'x-content-type-options': 'nosniff', 'x-download-options': 'noopen', 'x-permitted-cross-domain-policies': 'none', 'x-xss-protection': '1; mode=block', 'reporting-endpoints': 'shopify-csp="/csp-report?source%5Baction%5D=create&source%5Bapp%5D=Shopify&source%5Bcontroller%5D=admin%2Fproducts&source%5Bsection%5D=admin_api&source%5Buuid%5D=150dd0d0-ed66-4ab9-84f8-04b17f526bcf-1770053379"', 'x-dc': 'gcp-us-central1,gcp-us-central1,gcp-us-central1', 'Alt-Svc': 'h3=":443"; ma=86400', 'cf-cache-status': 'DYNAMIC', 'Report-To': '{"endpoints":[{"url":"https:\\/\\/a.nel.cloudflare.com\\/report\\/v4?s=2MY8YLRE7w52VeVLaeTn73RampLOVw7%2BH66HxTxAYK3ufl4UI%2Bo9RkpYKlC9jKUL2Znu0nqBbZcRNZwmR9XmI6dTrSU2JUcxWx%2FREPy%2FRI0gR%2FJ38DOXEwTQM6Oc6EJo%2F6YUOnPO%2B6OEFkaqET%2BUmcE%3D"}],"group":"cf-nel","max_age":604800}', 'NEL': '{"success_fraction":0.01,"report_to":"cf-nel","max_age":604800}', 'Server-Timing': 'processing;dur=38, verdict_flag_enabled;desc="count=3";dur=0.175, _y;desc="98b0a584-f864-4939-a161-938f5296c43a", _s;desc="70aaeca5-876c-4078-9cd2-5bf935ec12f8"', 'Server': 'cloudflare', 'CF-RAY': '9c7b6977ddcc5163-YYZ'}, msg="Forbidden")
INFO 2026-02-02 17:29:39,929 django.server log 22493 135511428552384 "POST /shopify_models/products/83/sync/ HTTP/1.1" 302 0
INFO 2026-02-02 17:29:40,041 django.server log 22493 135511428552384 "GET /shopify_models/products/83/ HTTP/1.1" 200 29127
ERROR 2026-02-02 17:30:21,142 shopify_models.views views 22493 135511446386368 Unexpected error while synchronizing product 83 ('JO H2O Tropical Passion Flavored Water-Based Lubricant 1 oz.'): Shopify GraphQL error response: [{'message': 'Access denied for location field. Required access: `read_locations` access scope, `read_inventory` access scope or `read_markets_home` access scope.', 'locations': [{'line': 3, 'column': 7}], 'extensions': {'code': 'ACCESS_DENIED', 'documentation': 'https://shopify.dev/api/usage/access-scopes', 'requiredAccess': '`read_locations` access scope, `read_inventory` access scope or `read_markets_home` access scope.'}, 'path': ['location']}]
Traceback (most recent call last):
  File "/home/alejandro/shop-app/shop_integration/shopify_models/views.py", line 81, in post
    product.export_to_shopify()
  File "/home/alejandro/shop-app/shop_integration/shopify_models/models.py", line 198, in export_to_shopify
    _sync_inventory_quantities(
  File "/home/alejandro/shop-app/shop_integration/shopify_models/models.py", line 288, in _sync_inventory_quantities
    _debug_validate_location(client, location_gid)
  File "/home/alejandro/shop-app/shop_integration/shopify_models/models.py", line 387, in _debug_validate_location
    data, _ = client.execute(query, variables={"id": location_gid})
              ^^^^^^^^^^^^^^^^^^^^^^^^^^^^^^^^^^^^^^^^^^^^^^^^^^^^^
  File "/home/alejandro/shop-app/shop_integration/shopify_models/graphql.py", line 57, in execute
    raise ShopifyGraphQLError(
shopify_models.graphql.ShopifyGraphQLError: Shopify GraphQL error response: [{'message': 'Access denied for location field. Required access: `read_locations` access scope, `read_inventory` access scope or `read_markets_home` access scope.', 'locations': [{'line': 3, 'column': 7}], 'extensions': {'code': 'ACCESS_DENIED', 'documentation': 'https://shopify.dev/api/usage/access-scopes', 'requiredAccess': '`read_locations` access scope, `read_inventory` access scope or `read_markets_home` access scope.'}, 'path': ['location']}]
INFO 2026-02-02 17:30:21,154 django.server log 22493 135511446386368 "POST /shopify_models/products/83/sync/ HTTP/1.1" 302 0
INFO 2026-02-02 17:30:21,248 django.server log 22493 135511446386368 "GET /shopify_models/products/83/ HTTP/1.1" 200 25721
INFO 2026-02-02 17:31:03,938 shopify_models.models models 22493 135511446386368 Validated location: shop_manager_app (gid://shopify/Location/89689161972)
INFO 2026-02-02 17:31:03,940 shopify_models.models models 22493 135511446386368 Inventory sync quantity for variant 83: None
INFO 2026-02-02 17:31:03,945 django.server log 22493 135511446386368 "POST /shopify_models/products/83/sync/ HTTP/1.1" 302 0
INFO 2026-02-02 17:31:04,042 django.server log 22493 135511446386368 "GET /shopify_models/products/83/ HTTP/1.1" 200 25076
INFO 2026-02-02 17:32:40,762 django.server log 22493 135511446386368 "GET /shopify_models/products/ HTTP/1.1" 200 95783
INFO 2026-02-02 17:32:43,450 django.server log 22493 135511446386368 "GET /shopify_models/products/1/ HTTP/1.1" 200 22062
INFO 2026-02-02 17:33:13,369 django.server log 22493 135511446386368 "GET /shopify_models/products/ HTTP/1.1" 200 95783
INFO 2026-02-02 17:33:21,655 django.server log 22493 135511446386368 "GET /shopify_models/products/7/ HTTP/1.1" 200 21660
INFO 2026-02-02 18:19:10,780 django.utils.autoreload autoreload 36406 139972269531264 Watching for file changes with StatReloader
INFO 2026-02-02 18:19:36,345 django.server log 36406 139971967051456 "GET / HTTP/1.1" 200 4211
WARNING 2026-02-02 18:19:37,090 django.server log 36406 139971967051456 "GET /favicon.ico HTTP/1.1" 404 3581
INFO 2026-02-02 18:19:40,157 django.server log 36406 139971967051456 "GET /suppliers/ HTTP/1.1" 200 6916
INFO 2026-02-02 18:19:41,891 django.server log 36406 139971967051456 "GET /suppliers/create/ HTTP/1.1" 200 1665
INFO 2026-02-02 18:19:45,390 django.server log 36406 139971967051456 "GET /suppliers/1/ HTTP/1.1" 200 8868
INFO 2026-02-02 18:19:53,184 django.server log 36406 139971967051456 "POST /suppliers/1/ HTTP/1.1" 302 0
INFO 2026-02-02 18:19:53,197 django.server log 36406 139971967051456 "GET /suppliers/1/ HTTP/1.1" 200 9363
INFO 2026-02-02 18:20:10,616 django.server log 36406 139971967051456 "POST /suppliers/1/ HTTP/1.1" 302 0
INFO 2026-02-02 18:20:10,630 django.server log 36406 139971967051456 "GET /suppliers/1/ HTTP/1.1" 200 9363
INFO 2026-02-02 18:24:39,017 django.utils.autoreload autoreload 36406 139972269531264 /home/alejandro/shop-app/shop_integration/products_parsing/adapters/django_adapter.py changed, reloading.
INFO 2026-02-02 18:24:40,624 django.utils.autoreload autoreload 37137 130990364213376 Watching for file changes with StatReloader
INFO 2026-02-02 18:27:36,352 django.utils.autoreload autoreload 37258 138205633802368 Watching for file changes with StatReloader
INFO 2026-02-02 18:31:53,497 django.server log 37258 138205197235904 "POST /suppliers/1/ HTTP/1.1" 302 0
INFO 2026-02-02 18:31:53,547 django.server log 37258 138205197235904 "GET /suppliers/1/ HTTP/1.1" 200 9445
INFO 2026-02-02 18:45:01,283 django.server log 37258 138205197235904 "GET /shopify_models/products/ HTTP/1.1" 200 92037
INFO 2026-02-02 18:45:04,646 django.server log 37258 138205197235904 "GET /shopify_models/products/16774/ HTTP/1.1" 200 24940
INFO 2026-02-02 18:45:38,739 django.server log 37258 138205197235904 "GET /shopify_models/products/?page=3 HTTP/1.1" 200 92915
INFO 2026-02-02 18:45:42,200 django.server log 37258 138205197235904 "GET /shopify_models/products/?page=5 HTTP/1.1" 200 97065
INFO 2026-02-02 18:45:45,841 django.server log 37258 138205197235904 "GET /shopify_models/products/?page=7 HTTP/1.1" 200 96182
INFO 2026-02-02 18:45:49,679 django.server log 37258 138205197235904 "GET /shopify_models/products/?page=9 HTTP/1.1" 200 98122
INFO 2026-02-02 18:45:57,077 django.server log 37258 138205197235904 "GET /shopify_models/products/?title=&vendor=a&product_type=&tags= HTTP/1.1" 200 10471
INFO 2026-02-02 18:45:59,225 django.server log 37258 138205197235904 "GET /shopify_models/products/ HTTP/1.1" 200 92037
INFO 2026-02-03 04:36:19,014 django.utils.autoreload autoreload 20269 133259150602368 Watching for file changes with StatReloader
INFO 2026-02-03 04:36:22,024 django.server log 20269 133258838365888 "GET / HTTP/1.1" 200 4211
INFO 2026-02-03 04:36:22,047 django.server log 20269 133258838365888 "GET /static/style/css/main.min.css HTTP/1.1" 304 0
WARNING 2026-02-03 04:36:22,238 django.server log 20269 133258838365888 "GET /favicon.ico HTTP/1.1" 404 3581
INFO 2026-02-03 04:36:26,806 django.server log 20269 133258838365888 "GET /suppliers/ HTTP/1.1" 200 6916
INFO 2026-02-03 04:36:29,560 django.server log 20269 133258838365888 "GET /suppliers/1/ HTTP/1.1" 200 8868
INFO 2026-02-03 04:41:21,367 django.server log 20269 133258838365888 "POST /suppliers/1/ HTTP/1.1" 302 0
INFO 2026-02-03 04:41:21,379 django.server log 20269 133258838365888 "GET /suppliers/1/ HTTP/1.1" 200 9449
INFO 2026-02-03 05:10:51,688 django.server log 20269 133258838365888 "GET /shopify_models/products/ HTTP/1.1" 200 95693
INFO 2026-02-03 05:10:59,265 django.server log 20269 133258838365888 "GET /shopify_models/products/7/ HTTP/1.1" 200 26058
INFO 2026-02-03 05:11:16,096 django.server log 20269 133258838365888 "GET /shopify_models/products/ HTTP/1.1" 200 95693
INFO 2026-02-03 05:11:21,120 django.server log 20269 133258838365888 "GET /shopify_models/products/14/ HTTP/1.1" 200 30503
ERROR 2026-02-03 05:13:15,451 shopify_models.views views 20269 133258838365888 Unexpected error while synchronizing product 14 ('JO H2O Vanilla Cream Flavored Water-Based Lubricant 4 oz.'): Shopify GraphQL error response: [{'message': 'Access denied for inventoryItemUpdate field. Required access: `write_inventory` access scope. Also: The user must have a permission to update an inventory item.', 'locations': [{'line': 3, 'column': 7}], 'extensions': {'code': 'ACCESS_DENIED', 'documentation': 'https://shopify.dev/api/usage/access-scopes', 'requiredAccess': '`write_inventory` access scope. Also: The user must have a permission to update an inventory item.'}, 'path': ['inventoryItemUpdate']}]
Traceback (most recent call last):
  File "/home/alejandro/shop-app/shop_integration/shopify_models/views.py", line 81, in post
    product.export_to_shopify()
  File "/home/alejandro/shop-app/shop_integration/shopify_models/models.py", line 193, in export_to_shopify
    _sync_inventory_item_unit_costs(
  File "/home/alejandro/shop-app/shop_integration/shopify_models/models.py", line 267, in _sync_inventory_item_unit_costs
    data, _ = client.execute(mutation, variables=variables)
              ^^^^^^^^^^^^^^^^^^^^^^^^^^^^^^^^^^^^^^^^^^^^^
  File "/home/alejandro/shop-app/shop_integration/shopify_models/graphql.py", line 57, in execute
    raise ShopifyGraphQLError(
shopify_models.graphql.ShopifyGraphQLError: Shopify GraphQL error response: [{'message': 'Access denied for inventoryItemUpdate field. Required access: `write_inventory` access scope. Also: The user must have a permission to update an inventory item.', 'locations': [{'line': 3, 'column': 7}], 'extensions': {'code': 'ACCESS_DENIED', 'documentation': 'https://shopify.dev/api/usage/access-scopes', 'requiredAccess': '`write_inventory` access scope. Also: The user must have a permission to update an inventory item.'}, 'path': ['inventoryItemUpdate']}]
INFO 2026-02-03 05:13:15,453 django.server log 20269 133258838365888 "POST /shopify_models/products/14/sync/ HTTP/1.1" 302 0
INFO 2026-02-03 05:13:15,467 django.server log 20269 133258838365888 "GET /shopify_models/products/14/ HTTP/1.1" 200 31435
ERROR 2026-02-03 05:14:41,612 shopify_models.views views 20269 133258838365888 Unexpected error while synchronizing product 14 ('JO H2O Vanilla Cream Flavored Water-Based Lubricant 4 oz.'): Shopify GraphQL error response: [{'message': 'Access denied for name field. Required access: `read_locations` access scope or `read_markets_home` access scope.', 'locations': [{'line': 5, 'column': 9}], 'extensions': {'code': 'ACCESS_DENIED', 'documentation': 'https://shopify.dev/api/usage/access-scopes', 'requiredAccess': '`read_locations` access scope or `read_markets_home` access scope.'}, 'path': ['location', 'name']}]
Traceback (most recent call last):
  File "/home/alejandro/shop-app/shop_integration/shopify_models/views.py", line 81, in post
    product.export_to_shopify()
  File "/home/alejandro/shop-app/shop_integration/shopify_models/models.py", line 198, in export_to_shopify
    _sync_inventory_quantities(
  File "/home/alejandro/shop-app/shop_integration/shopify_models/models.py", line 288, in _sync_inventory_quantities
    _debug_validate_location(client, location_gid)
  File "/home/alejandro/shop-app/shop_integration/shopify_models/models.py", line 387, in _debug_validate_location
    data, _ = client.execute(query, variables={"id": location_gid})
              ^^^^^^^^^^^^^^^^^^^^^^^^^^^^^^^^^^^^^^^^^^^^^^^^^^^^^
  File "/home/alejandro/shop-app/shop_integration/shopify_models/graphql.py", line 57, in execute
    raise ShopifyGraphQLError(
shopify_models.graphql.ShopifyGraphQLError: Shopify GraphQL error response: [{'message': 'Access denied for name field. Required access: `read_locations` access scope or `read_markets_home` access scope.', 'locations': [{'line': 5, 'column': 9}], 'extensions': {'code': 'ACCESS_DENIED', 'documentation': 'https://shopify.dev/api/usage/access-scopes', 'requiredAccess': '`read_locations` access scope or `read_markets_home` access scope.'}, 'path': ['location', 'name']}]
INFO 2026-02-03 05:14:41,614 django.server log 20269 133258838365888 "POST /shopify_models/products/14/sync/ HTTP/1.1" 302 0
INFO 2026-02-03 05:14:41,630 django.server log 20269 133258838365888 "GET /shopify_models/products/14/ HTTP/1.1" 200 31363
INFO 2026-02-03 05:15:58,408 shopify_models.models models 20269 133258838365888 Validated location: shop_manager_app (gid://shopify/Location/89689161972)
INFO 2026-02-03 05:15:58,408 shopify_models.models models 20269 133258838365888 Inventory sync quantity for variant 14: 0
WARNING 2026-02-03 05:15:58,773 shopify_models.models models 20269 133258838365888 Inventory set quantities error: {'field': ['input', 'quantities', '0', 'locationId'], 'message': 'The specified inventory item is not stocked at the location.'}
WARNING 2026-02-03 05:15:58,992 shopify_models.models models 20269 133258838365888 Inventory level missing location gid://shopify/Location/89689161972 for item gid://shopify/InventoryItem/49704585199860
INFO 2026-02-03 05:15:58,993 django.server log 20269 133258838365888 "POST /shopify_models/products/14/sync/ HTTP/1.1" 302 0
INFO 2026-02-03 05:15:59,009 django.server log 20269 133258838365888 "GET /shopify_models/products/14/ HTTP/1.1" 200 30766
